TimeQuest Timing Analyzer report for g07_lab3
Fri Nov 10 15:31:42 2017
Quartus II 64-Bit Version 13.0.0 Build 156 04/24/2013 SJ Web Edition


---------------------
; Table of Contents ;
---------------------
  1. Legal Notice
  2. TimeQuest Timing Analyzer Summary
  3. Parallel Compilation
  4. Clocks
  5. Slow Model Fmax Summary
  6. Slow Model Setup Summary
  7. Slow Model Hold Summary
  8. Slow Model Recovery Summary
  9. Slow Model Removal Summary
 10. Slow Model Minimum Pulse Width Summary
 11. Slow Model Minimum Pulse Width: 'altera_reserved_tck'
 12. Propagation Delay
 13. Minimum Propagation Delay
 14. Fast Model Setup Summary
 15. Fast Model Hold Summary
 16. Fast Model Recovery Summary
 17. Fast Model Removal Summary
 18. Fast Model Minimum Pulse Width Summary
 19. Fast Model Minimum Pulse Width: 'altera_reserved_tck'
 20. Propagation Delay
 21. Minimum Propagation Delay
 22. Multicorner Timing Analysis Summary
 23. Progagation Delay
 24. Minimum Progagation Delay
 25. Clock Transfers
 26. Report TCCS
 27. Report RSKM
 28. Unconstrained Paths
 29. TimeQuest Timing Analyzer Messages



----------------
; Legal Notice ;
----------------
Copyright (C) 1991-2013 Altera Corporation
Your use of Altera Corporation's design tools, logic functions 
and other software and tools, and its AMPP partner logic 
functions, and any output files from any of the foregoing 
(including device programming or simulation files), and any 
associated documentation or information are expressly subject 
to the terms and conditions of the Altera Program License 
Subscription Agreement, Altera MegaCore Function License 
Agreement, or other applicable license agreement, including, 
without limitation, that your use is for the sole purpose of 
programming logic devices manufactured by Altera and sold by 
Altera or its authorized distributors.  Please refer to the 
applicable agreement for further details.



+-------------------------------------------------------------------------+
; TimeQuest Timing Analyzer Summary                                       ;
+--------------------+----------------------------------------------------+
; Quartus II Version ; Version 13.0.0 Build 156 04/24/2013 SJ Web Edition ;
; Revision Name      ; g07_lab3                                           ;
; Device Family      ; Cyclone II                                         ;
; Device Name        ; EP2C20F484C7                                       ;
; Timing Models      ; Final                                              ;
; Delay Model        ; Combined                                           ;
; Rise/Fall Delays   ; Unavailable                                        ;
+--------------------+----------------------------------------------------+


+------------------------------------------+
; Parallel Compilation                     ;
+----------------------------+-------------+
; Processors                 ; Number      ;
+----------------------------+-------------+
; Number detected on machine ; 4           ;
; Maximum allowed            ; 2           ;
;                            ;             ;
; Average used               ; 1.00        ;
; Maximum used               ; 1           ;
;                            ;             ;
; Usage by Processor         ; % Time Used ;
;     Processor 1            ; 100.0%      ;
;     Processors 2-4         ;   0.0%      ;
+----------------------------+-------------+


+-----------------------------------------------------------------------------------------------------------------------------------------------------------------------------------------------------------+
; Clocks                                                                                                                                                                                                    ;
+---------------------+------+---------+-----------+-------+--------+------------+-----------+-------------+-------+--------+-----------+------------+----------+--------+--------+-------------------------+
; Clock Name          ; Type ; Period  ; Frequency ; Rise  ; Fall   ; Duty Cycle ; Divide by ; Multiply by ; Phase ; Offset ; Edge List ; Edge Shift ; Inverted ; Master ; Source ; Targets                 ;
+---------------------+------+---------+-----------+-------+--------+------------+-----------+-------------+-------+--------+-----------+------------+----------+--------+--------+-------------------------+
; altera_reserved_tck ; Base ; 100.000 ; 10.0 MHz  ; 0.000 ; 50.000 ;            ;           ;             ;       ;        ;           ;            ;          ;        ;        ; { altera_reserved_tck } ;
+---------------------+------+---------+-----------+-------+--------+------------+-----------+-------------+-------+--------+-----------+------------+----------+--------+--------+-------------------------+


---------------------------
; Slow Model Fmax Summary ;
---------------------------
No paths to report.


----------------------------
; Slow Model Setup Summary ;
----------------------------
No paths to report.


---------------------------
; Slow Model Hold Summary ;
---------------------------
No paths to report.


-------------------------------
; Slow Model Recovery Summary ;
-------------------------------
No paths to report.


------------------------------
; Slow Model Removal Summary ;
------------------------------
No paths to report.


+----------------------------------------------+
; Slow Model Minimum Pulse Width Summary       ;
+---------------------+--------+---------------+
; Clock               ; Slack  ; End Point TNS ;
+---------------------+--------+---------------+
; altera_reserved_tck ; 97.531 ; 0.000         ;
+---------------------+--------+---------------+


+-------------------------------------------------------------------------------------------------------------+
; Slow Model Minimum Pulse Width: 'altera_reserved_tck'                                                       ;
+--------+--------------+----------------+-----------+---------------------+------------+---------------------+
; Slack  ; Actual Width ; Required Width ; Type      ; Clock               ; Clock Edge ; Target              ;
+--------+--------------+----------------+-----------+---------------------+------------+---------------------+
; 97.531 ; 100.000      ; 2.469          ; Port Rate ; altera_reserved_tck ; Rise       ; altera_reserved_tck ;
+--------+--------------+----------------+-----------+---------------------+------------+---------------------+


+----------------------------------------------------------------+
; Propagation Delay                                              ;
+------------+---------------+--------+--------+--------+--------+
; Input Port ; Output Port   ; RR     ; RF     ; FR     ; FF     ;
+------------+---------------+--------+--------+--------+--------+
; adr[0]     ; LED1[0]       ; 19.307 ; 19.307 ; 19.307 ; 19.307 ;
; adr[0]     ; LED1[2]       ; 19.178 ; 19.178 ; 19.178 ; 19.178 ;
; adr[0]     ; LED1[3]       ; 19.325 ; 19.325 ; 19.325 ; 19.325 ;
; adr[0]     ; LED1[4]       ; 18.227 ; 18.227 ; 18.227 ; 18.227 ;
; adr[0]     ; LED1[5]       ; 18.698 ; 18.698 ; 18.698 ; 18.698 ;
; adr[0]     ; LED1[6]       ; 19.021 ; 19.021 ; 19.021 ; 19.021 ;
; adr[0]     ; LED2[0]       ; 21.367 ; 21.367 ; 21.367 ; 21.367 ;
; adr[0]     ; LED2[1]       ; 21.665 ; 21.665 ; 21.665 ; 21.665 ;
; adr[0]     ; LED2[2]       ; 21.666 ; 21.666 ; 21.666 ; 21.666 ;
; adr[0]     ; LED2[3]       ; 21.679 ; 21.679 ; 21.679 ; 21.679 ;
; adr[0]     ; LED2[4]       ; 21.686 ; 21.686 ; 21.686 ; 21.686 ;
; adr[0]     ; LED2[5]       ; 21.719 ; 21.719 ; 21.719 ; 21.719 ;
; adr[0]     ; LED2[6]       ; 21.717 ; 21.717 ; 21.717 ; 21.717 ;
; adr[0]     ; value_test[0] ; 13.291 ; 13.291 ; 13.291 ; 13.291 ;
; adr[0]     ; value_test[1] ; 13.093 ; 13.093 ; 13.093 ; 13.093 ;
; adr[0]     ; value_test[2] ; 13.760 ; 13.760 ; 13.760 ; 13.760 ;
; adr[0]     ; value_test[3] ; 13.813 ; 13.813 ; 13.813 ; 13.813 ;
; adr[0]     ; value_test[4] ; 15.503 ; 15.503 ; 15.503 ; 15.503 ;
; adr[0]     ; value_test[5] ; 13.380 ; 13.380 ; 13.380 ; 13.380 ;
; adr[1]     ; LED1[0]       ; 19.778 ; 19.778 ; 19.778 ; 19.778 ;
; adr[1]     ; LED1[2]       ; 19.649 ; 19.649 ; 19.649 ; 19.649 ;
; adr[1]     ; LED1[3]       ; 19.796 ; 19.796 ; 19.796 ; 19.796 ;
; adr[1]     ; LED1[4]       ; 18.698 ; 18.698 ; 18.698 ; 18.698 ;
; adr[1]     ; LED1[5]       ; 19.169 ; 19.169 ; 19.169 ; 19.169 ;
; adr[1]     ; LED1[6]       ; 19.492 ; 19.492 ; 19.492 ; 19.492 ;
; adr[1]     ; LED2[0]       ; 21.838 ; 21.838 ; 21.838 ; 21.838 ;
; adr[1]     ; LED2[1]       ; 22.136 ; 22.136 ; 22.136 ; 22.136 ;
; adr[1]     ; LED2[2]       ; 22.137 ; 22.137 ; 22.137 ; 22.137 ;
; adr[1]     ; LED2[3]       ; 22.150 ; 22.150 ; 22.150 ; 22.150 ;
; adr[1]     ; LED2[4]       ; 22.157 ; 22.157 ; 22.157 ; 22.157 ;
; adr[1]     ; LED2[5]       ; 22.190 ; 22.190 ; 22.190 ; 22.190 ;
; adr[1]     ; LED2[6]       ; 22.188 ; 22.188 ; 22.188 ; 22.188 ;
; adr[1]     ; value_test[0] ; 12.921 ; 12.921 ; 12.921 ; 12.921 ;
; adr[1]     ; value_test[1] ; 13.613 ; 13.613 ; 13.613 ; 13.613 ;
; adr[1]     ; value_test[2] ; 14.187 ; 14.187 ; 14.187 ; 14.187 ;
; adr[1]     ; value_test[3] ; 13.723 ; 13.723 ; 13.723 ; 13.723 ;
; adr[1]     ; value_test[4] ; 15.476 ; 15.476 ; 15.476 ; 15.476 ;
; adr[1]     ; value_test[5] ; 13.501 ; 13.501 ; 13.501 ; 13.501 ;
; adr[2]     ; LED1[0]       ; 18.424 ; 18.424 ; 18.424 ; 18.424 ;
; adr[2]     ; LED1[2]       ; 18.295 ; 18.295 ; 18.295 ; 18.295 ;
; adr[2]     ; LED1[3]       ; 18.442 ; 18.442 ; 18.442 ; 18.442 ;
; adr[2]     ; LED1[4]       ; 17.344 ; 17.344 ; 17.344 ; 17.344 ;
; adr[2]     ; LED1[5]       ; 17.815 ; 17.815 ; 17.815 ; 17.815 ;
; adr[2]     ; LED1[6]       ; 18.123 ; 18.138 ; 18.138 ; 18.123 ;
; adr[2]     ; LED2[0]       ; 20.484 ; 20.484 ; 20.484 ; 20.484 ;
; adr[2]     ; LED2[1]       ; 20.782 ; 20.782 ; 20.782 ; 20.782 ;
; adr[2]     ; LED2[2]       ; 20.783 ; 20.783 ; 20.783 ; 20.783 ;
; adr[2]     ; LED2[3]       ; 20.796 ; 20.796 ; 20.796 ; 20.796 ;
; adr[2]     ; LED2[4]       ; 20.803 ; 20.803 ; 20.803 ; 20.803 ;
; adr[2]     ; LED2[5]       ; 20.836 ; 20.836 ; 20.836 ; 20.836 ;
; adr[2]     ; LED2[6]       ; 20.834 ; 20.834 ; 20.834 ; 20.834 ;
; adr[2]     ; value_test[0] ; 11.345 ; 11.345 ; 11.345 ; 11.345 ;
; adr[2]     ; value_test[1] ; 12.259 ; 11.211 ; 11.211 ; 12.259 ;
; adr[2]     ; value_test[2] ; 12.671 ; 12.671 ; 12.671 ; 12.671 ;
; adr[2]     ; value_test[3] ; 12.861 ; 12.915 ; 12.915 ; 12.861 ;
; adr[2]     ; value_test[4] ; 13.337 ; 13.337 ; 13.337 ; 13.337 ;
; adr[2]     ; value_test[5] ; 11.477 ; 10.731 ; 10.731 ; 11.477 ;
; adr[3]     ; LED1[0]       ; 17.084 ; 17.084 ; 17.084 ; 17.084 ;
; adr[3]     ; LED1[2]       ; 16.955 ; 16.955 ; 16.955 ; 16.955 ;
; adr[3]     ; LED1[3]       ; 17.102 ; 17.102 ; 17.102 ; 17.102 ;
; adr[3]     ; LED1[4]       ; 16.004 ; 16.004 ; 16.004 ; 16.004 ;
; adr[3]     ; LED1[5]       ; 16.475 ; 16.475 ; 16.475 ; 16.475 ;
; adr[3]     ; LED1[6]       ; 16.798 ; 16.798 ; 16.798 ; 16.798 ;
; adr[3]     ; LED2[0]       ; 19.144 ; 19.144 ; 19.144 ; 19.144 ;
; adr[3]     ; LED2[1]       ; 19.442 ; 19.442 ; 19.442 ; 19.442 ;
; adr[3]     ; LED2[2]       ; 19.443 ; 19.443 ; 19.443 ; 19.443 ;
; adr[3]     ; LED2[3]       ; 19.456 ; 19.456 ; 19.456 ; 19.456 ;
; adr[3]     ; LED2[4]       ; 19.463 ; 19.463 ; 19.463 ; 19.463 ;
; adr[3]     ; LED2[5]       ; 19.496 ; 19.496 ; 19.496 ; 19.496 ;
; adr[3]     ; LED2[6]       ; 19.494 ; 19.494 ; 19.494 ; 19.494 ;
; adr[3]     ; value_test[0] ; 10.617 ; 10.973 ; 10.973 ; 10.617 ;
; adr[3]     ; value_test[1] ; 10.627 ; 10.627 ; 10.627 ; 10.627 ;
; adr[3]     ; value_test[2] ; 12.004 ; 12.004 ; 12.004 ; 12.004 ;
; adr[3]     ; value_test[3] ; 11.053 ; 11.053 ; 11.053 ; 11.053 ;
; adr[3]     ; value_test[4] ; 12.819 ; 12.819 ; 12.819 ; 12.819 ;
; adr[3]     ; value_test[5] ; 10.029 ; 10.029 ; 10.029 ; 10.029 ;
; adr[4]     ; LED1[0]       ; 18.073 ; 18.073 ; 18.073 ; 18.073 ;
; adr[4]     ; LED1[2]       ; 17.944 ; 17.944 ; 17.944 ; 17.944 ;
; adr[4]     ; LED1[3]       ; 18.091 ; 18.091 ; 18.091 ; 18.091 ;
; adr[4]     ; LED1[4]       ; 16.993 ; 16.993 ; 16.993 ; 16.993 ;
; adr[4]     ; LED1[5]       ; 17.464 ; 17.464 ; 17.464 ; 17.464 ;
; adr[4]     ; LED1[6]       ; 17.787 ; 16.527 ; 16.527 ; 17.787 ;
; adr[4]     ; LED2[0]       ; 20.133 ; 20.133 ; 20.133 ; 20.133 ;
; adr[4]     ; LED2[1]       ; 20.431 ; 20.431 ; 20.431 ; 20.431 ;
; adr[4]     ; LED2[2]       ; 20.432 ; 20.432 ; 20.432 ; 20.432 ;
; adr[4]     ; LED2[3]       ; 20.445 ; 20.445 ; 20.445 ; 20.445 ;
; adr[4]     ; LED2[4]       ; 20.452 ; 20.452 ; 20.452 ; 20.452 ;
; adr[4]     ; LED2[5]       ; 20.485 ; 20.485 ; 20.485 ; 20.485 ;
; adr[4]     ; LED2[6]       ; 20.483 ; 20.483 ; 20.483 ; 20.483 ;
; adr[4]     ; value_test[0] ; 10.108 ; 10.940 ; 10.940 ; 10.108 ;
; adr[4]     ; value_test[1] ; 9.899  ; 11.908 ; 11.908 ; 9.899  ;
; adr[4]     ; value_test[2] ; 11.733 ; 11.733 ; 11.733 ; 11.733 ;
; adr[4]     ; value_test[3] ; 10.530 ; 11.157 ; 11.157 ; 10.530 ;
; adr[4]     ; value_test[4] ; 12.091 ; 12.091 ; 12.091 ; 12.091 ;
; adr[4]     ; value_test[5] ; 9.182  ; 11.321 ; 11.321 ; 9.182  ;
; adr[5]     ; LED1[0]       ; 18.189 ; 18.189 ; 18.189 ; 18.189 ;
; adr[5]     ; LED1[2]       ; 18.060 ; 18.060 ; 18.060 ; 18.060 ;
; adr[5]     ; LED1[3]       ; 18.207 ; 18.207 ; 18.207 ; 18.207 ;
; adr[5]     ; LED1[4]       ; 17.109 ; 17.109 ; 17.109 ; 17.109 ;
; adr[5]     ; LED1[5]       ; 17.580 ; 17.580 ; 17.580 ; 17.580 ;
; adr[5]     ; LED1[6]       ; 17.903 ; 16.755 ; 16.755 ; 17.903 ;
; adr[5]     ; LED2[0]       ; 20.249 ; 20.249 ; 20.249 ; 20.249 ;
; adr[5]     ; LED2[1]       ; 20.547 ; 20.547 ; 20.547 ; 20.547 ;
; adr[5]     ; LED2[2]       ; 20.548 ; 20.548 ; 20.548 ; 20.548 ;
; adr[5]     ; LED2[3]       ; 20.561 ; 20.561 ; 20.561 ; 20.561 ;
; adr[5]     ; LED2[4]       ; 20.568 ; 20.568 ; 20.568 ; 20.568 ;
; adr[5]     ; LED2[5]       ; 20.601 ; 20.601 ; 20.601 ; 20.601 ;
; adr[5]     ; LED2[6]       ; 20.599 ; 20.599 ; 20.599 ; 20.599 ;
; adr[5]     ; value_test[0] ; 10.574 ; 11.056 ; 11.056 ; 10.574 ;
; adr[5]     ; value_test[1] ; 9.936  ; 12.024 ; 12.024 ; 9.936  ;
; adr[5]     ; value_test[2] ; 11.961 ; 11.961 ; 11.961 ; 11.961 ;
; adr[5]     ; value_test[3] ; 11.038 ; 11.273 ; 11.273 ; 11.038 ;
; adr[5]     ; value_test[4] ; 12.369 ; 12.369 ; 12.369 ; 12.369 ;
; adr[5]     ; value_test[5] ; 9.266  ; 11.437 ; 11.437 ; 9.266  ;
+------------+---------------+--------+--------+--------+--------+


+----------------------------------------------------------------+
; Minimum Propagation Delay                                      ;
+------------+---------------+--------+--------+--------+--------+
; Input Port ; Output Port   ; RR     ; RF     ; FR     ; FF     ;
+------------+---------------+--------+--------+--------+--------+
; adr[0]     ; LED1[0]       ; 12.674 ; 12.674 ; 12.674 ; 12.674 ;
; adr[0]     ; LED1[2]       ; 12.545 ; 12.545 ; 12.545 ; 12.545 ;
; adr[0]     ; LED1[3]       ; 12.692 ; 12.692 ; 12.692 ; 12.692 ;
; adr[0]     ; LED1[4]       ; 11.594 ; 11.594 ; 11.594 ; 11.594 ;
; adr[0]     ; LED1[5]       ; 12.065 ; 12.065 ; 12.065 ; 12.065 ;
; adr[0]     ; LED1[6]       ; 12.448 ; 12.388 ; 12.388 ; 12.448 ;
; adr[0]     ; LED2[0]       ; 13.131 ; 13.131 ; 13.131 ; 13.131 ;
; adr[0]     ; LED2[1]       ; 13.433 ; 13.433 ; 13.433 ; 13.433 ;
; adr[0]     ; LED2[2]       ; 13.431 ; 13.431 ; 13.431 ; 13.431 ;
; adr[0]     ; LED2[3]       ; 13.442 ; 13.442 ; 13.442 ; 13.442 ;
; adr[0]     ; LED2[4]       ; 13.446 ; 13.446 ; 13.446 ; 13.446 ;
; adr[0]     ; LED2[5]       ; 13.479 ; 13.479 ; 13.479 ; 13.479 ;
; adr[0]     ; LED2[6]       ; 13.476 ; 13.476 ; 13.476 ; 13.476 ;
; adr[0]     ; value_test[0] ; 11.401 ; 11.401 ; 11.401 ; 11.401 ;
; adr[0]     ; value_test[1] ; 11.080 ; 11.080 ; 11.080 ; 11.080 ;
; adr[0]     ; value_test[2] ; 11.493 ; 11.493 ; 11.493 ; 11.493 ;
; adr[0]     ; value_test[3] ; 10.037 ; 10.225 ; 10.225 ; 10.037 ;
; adr[0]     ; value_test[4] ; 11.025 ; 11.025 ; 11.025 ; 11.025 ;
; adr[0]     ; value_test[5] ; 10.092 ; 10.092 ; 10.092 ; 10.092 ;
; adr[1]     ; LED1[0]       ; 12.279 ; 12.279 ; 12.279 ; 12.279 ;
; adr[1]     ; LED1[2]       ; 12.117 ; 12.117 ; 12.117 ; 12.117 ;
; adr[1]     ; LED1[3]       ; 12.297 ; 12.297 ; 12.297 ; 12.297 ;
; adr[1]     ; LED1[4]       ; 11.166 ; 11.166 ; 11.166 ; 11.166 ;
; adr[1]     ; LED1[5]       ; 11.664 ; 11.664 ; 11.664 ; 11.664 ;
; adr[1]     ; LED1[6]       ; 11.997 ; 11.997 ; 11.997 ; 11.997 ;
; adr[1]     ; LED2[0]       ; 12.095 ; 12.095 ; 12.095 ; 12.095 ;
; adr[1]     ; LED2[1]       ; 12.397 ; 12.397 ; 12.397 ; 12.397 ;
; adr[1]     ; LED2[2]       ; 12.395 ; 12.395 ; 12.395 ; 12.395 ;
; adr[1]     ; LED2[3]       ; 12.406 ; 12.406 ; 12.406 ; 12.406 ;
; adr[1]     ; LED2[4]       ; 12.410 ; 12.410 ; 12.410 ; 12.410 ;
; adr[1]     ; LED2[5]       ; 12.443 ; 12.443 ; 12.443 ; 12.443 ;
; adr[1]     ; LED2[6]       ; 12.440 ; 12.440 ; 12.440 ; 12.440 ;
; adr[1]     ; value_test[0] ; 10.550 ; 10.550 ; 10.550 ; 10.550 ;
; adr[1]     ; value_test[1] ; 10.384 ; 10.384 ; 10.384 ; 10.384 ;
; adr[1]     ; value_test[2] ; 10.457 ; 10.856 ; 10.856 ; 10.457 ;
; adr[1]     ; value_test[3] ; 9.808  ; 9.808  ; 9.808  ; 9.808  ;
; adr[1]     ; value_test[4] ; 10.507 ; 10.507 ; 10.507 ; 10.507 ;
; adr[1]     ; value_test[5] ; 10.348 ; 10.348 ; 10.348 ; 10.348 ;
; adr[2]     ; LED1[0]       ; 10.721 ; 10.721 ; 10.721 ; 10.721 ;
; adr[2]     ; LED1[2]       ; 10.559 ; 10.559 ; 10.559 ; 10.559 ;
; adr[2]     ; LED1[3]       ; 10.739 ; 10.739 ; 10.739 ; 10.739 ;
; adr[2]     ; LED1[4]       ; 9.608  ; 9.608  ; 9.608  ; 9.608  ;
; adr[2]     ; LED1[5]       ; 10.106 ; 10.106 ; 10.106 ; 10.106 ;
; adr[2]     ; LED1[6]       ; 10.439 ; 10.439 ; 10.439 ; 10.439 ;
; adr[2]     ; LED2[0]       ; 10.660 ; 10.660 ; 10.660 ; 10.660 ;
; adr[2]     ; LED2[1]       ; 10.962 ; 10.962 ; 10.962 ; 10.962 ;
; adr[2]     ; LED2[2]       ; 10.960 ; 10.960 ; 10.960 ; 10.960 ;
; adr[2]     ; LED2[3]       ; 10.971 ; 10.971 ; 10.971 ; 10.971 ;
; adr[2]     ; LED2[4]       ; 10.975 ; 10.975 ; 10.975 ; 10.975 ;
; adr[2]     ; LED2[5]       ; 11.008 ; 11.008 ; 11.008 ; 11.008 ;
; adr[2]     ; LED2[6]       ; 11.005 ; 11.005 ; 11.005 ; 11.005 ;
; adr[2]     ; value_test[0] ; 9.165  ; 9.084  ; 9.084  ; 9.165  ;
; adr[2]     ; value_test[1] ; 9.006  ; 8.516  ; 8.516  ; 9.006  ;
; adr[2]     ; value_test[2] ; 9.303  ; 9.022  ; 9.022  ; 9.303  ;
; adr[2]     ; value_test[3] ; 9.433  ; 8.603  ; 8.603  ; 9.433  ;
; adr[2]     ; value_test[4] ; 8.949  ; 8.949  ; 8.949  ; 8.949  ;
; adr[2]     ; value_test[5] ; 9.120  ; 8.263  ; 8.263  ; 9.120  ;
; adr[3]     ; LED1[0]       ; 11.154 ; 11.154 ; 11.154 ; 11.154 ;
; adr[3]     ; LED1[2]       ; 11.060 ; 11.060 ; 11.060 ; 11.060 ;
; adr[3]     ; LED1[3]       ; 11.172 ; 11.172 ; 11.172 ; 11.172 ;
; adr[3]     ; LED1[4]       ; 10.246 ; 10.103 ; 10.103 ; 10.246 ;
; adr[3]     ; LED1[5]       ; 10.586 ; 10.586 ; 10.586 ; 10.586 ;
; adr[3]     ; LED1[6]       ; 10.892 ; 11.035 ; 11.035 ; 10.892 ;
; adr[3]     ; LED2[0]       ; 11.451 ; 11.451 ; 11.451 ; 11.451 ;
; adr[3]     ; LED2[1]       ; 11.753 ; 11.753 ; 11.753 ; 11.753 ;
; adr[3]     ; LED2[2]       ; 11.751 ; 11.751 ; 11.751 ; 11.751 ;
; adr[3]     ; LED2[3]       ; 11.762 ; 11.762 ; 11.762 ; 11.762 ;
; adr[3]     ; LED2[4]       ; 11.766 ; 11.766 ; 11.766 ; 11.766 ;
; adr[3]     ; LED2[5]       ; 11.799 ; 11.799 ; 11.799 ; 11.799 ;
; adr[3]     ; LED2[6]       ; 11.796 ; 11.796 ; 11.796 ; 11.796 ;
; adr[3]     ; value_test[0] ; 9.640  ; 9.746  ; 9.746  ; 9.640  ;
; adr[3]     ; value_test[1] ; 9.238  ; 9.421  ; 9.421  ; 9.238  ;
; adr[3]     ; value_test[2] ; 9.813  ; 10.191 ; 10.191 ; 9.813  ;
; adr[3]     ; value_test[3] ; 9.177  ; 9.062  ; 9.062  ; 9.177  ;
; adr[3]     ; value_test[4] ; 10.154 ; 10.036 ; 10.036 ; 10.154 ;
; adr[3]     ; value_test[5] ; 8.679  ; 8.536  ; 8.536  ; 8.679  ;
; adr[4]     ; LED1[0]       ; 11.018 ; 11.018 ; 11.018 ; 11.018 ;
; adr[4]     ; LED1[2]       ; 10.856 ; 10.856 ; 10.856 ; 10.856 ;
; adr[4]     ; LED1[3]       ; 11.036 ; 11.036 ; 11.036 ; 11.036 ;
; adr[4]     ; LED1[4]       ; 9.905  ; 9.905  ; 9.905  ; 9.905  ;
; adr[4]     ; LED1[5]       ; 10.403 ; 10.403 ; 10.403 ; 10.403 ;
; adr[4]     ; LED1[6]       ; 11.200 ; 10.736 ; 10.736 ; 11.200 ;
; adr[4]     ; LED2[0]       ; 10.714 ; 10.714 ; 10.714 ; 10.714 ;
; adr[4]     ; LED2[1]       ; 11.016 ; 11.016 ; 11.016 ; 11.016 ;
; adr[4]     ; LED2[2]       ; 11.014 ; 11.014 ; 11.014 ; 11.014 ;
; adr[4]     ; LED2[3]       ; 11.025 ; 11.025 ; 11.025 ; 11.025 ;
; adr[4]     ; LED2[4]       ; 11.029 ; 11.029 ; 11.029 ; 11.029 ;
; adr[4]     ; LED2[5]       ; 11.062 ; 11.062 ; 11.062 ; 11.062 ;
; adr[4]     ; LED2[6]       ; 11.059 ; 11.059 ; 11.059 ; 11.059 ;
; adr[4]     ; value_test[0] ; 9.385  ; 9.774  ; 9.774  ; 9.385  ;
; adr[4]     ; value_test[1] ; 9.164  ; 9.181  ; 9.181  ; 9.164  ;
; adr[4]     ; value_test[2] ; 9.076  ; 9.277  ; 9.277  ; 9.076  ;
; adr[4]     ; value_test[3] ; 9.515  ; 9.123  ; 9.123  ; 9.515  ;
; adr[4]     ; value_test[4] ; 9.246  ; 10.113 ; 10.113 ; 9.246  ;
; adr[4]     ; value_test[5] ; 8.786  ; 8.844  ; 8.844  ; 8.786  ;
; adr[5]     ; LED1[0]       ; 11.884 ; 11.884 ; 11.884 ; 11.884 ;
; adr[5]     ; LED1[2]       ; 11.790 ; 11.790 ; 11.790 ; 11.790 ;
; adr[5]     ; LED1[3]       ; 11.902 ; 11.902 ; 11.902 ; 11.902 ;
; adr[5]     ; LED1[4]       ; 10.833 ; 10.833 ; 10.833 ; 10.833 ;
; adr[5]     ; LED1[5]       ; 11.316 ; 11.316 ; 11.316 ; 11.316 ;
; adr[5]     ; LED1[6]       ; 11.622 ; 11.622 ; 11.622 ; 11.622 ;
; adr[5]     ; LED2[0]       ; 12.491 ; 12.491 ; 12.491 ; 12.491 ;
; adr[5]     ; LED2[1]       ; 12.793 ; 12.793 ; 12.793 ; 12.793 ;
; adr[5]     ; LED2[2]       ; 12.791 ; 12.791 ; 12.791 ; 12.791 ;
; adr[5]     ; LED2[3]       ; 12.802 ; 12.802 ; 12.802 ; 12.802 ;
; adr[5]     ; LED2[4]       ; 12.806 ; 12.806 ; 12.806 ; 12.806 ;
; adr[5]     ; LED2[5]       ; 12.839 ; 12.839 ; 12.839 ; 12.839 ;
; adr[5]     ; LED2[6]       ; 12.836 ; 12.836 ; 12.836 ; 12.836 ;
; adr[5]     ; value_test[0] ; 9.879  ; 9.879  ; 9.879  ; 9.879  ;
; adr[5]     ; value_test[1] ; 9.866  ; 9.866  ; 9.866  ; 9.866  ;
; adr[5]     ; value_test[2] ; 11.221 ; 10.853 ; 10.853 ; 11.221 ;
; adr[5]     ; value_test[3] ; 10.530 ; 10.530 ; 10.530 ; 10.530 ;
; adr[5]     ; value_test[4] ; 12.058 ; 10.315 ; 10.315 ; 12.058 ;
; adr[5]     ; value_test[5] ; 9.266  ; 9.266  ; 9.266  ; 9.266  ;
+------------+---------------+--------+--------+--------+--------+


----------------------------
; Fast Model Setup Summary ;
----------------------------
No paths to report.


---------------------------
; Fast Model Hold Summary ;
---------------------------
No paths to report.


-------------------------------
; Fast Model Recovery Summary ;
-------------------------------
No paths to report.


------------------------------
; Fast Model Removal Summary ;
------------------------------
No paths to report.


+----------------------------------------------+
; Fast Model Minimum Pulse Width Summary       ;
+---------------------+--------+---------------+
; Clock               ; Slack  ; End Point TNS ;
+---------------------+--------+---------------+
; altera_reserved_tck ; 97.778 ; 0.000         ;
+---------------------+--------+---------------+


+-------------------------------------------------------------------------------------------------------------+
; Fast Model Minimum Pulse Width: 'altera_reserved_tck'                                                       ;
+--------+--------------+----------------+-----------+---------------------+------------+---------------------+
; Slack  ; Actual Width ; Required Width ; Type      ; Clock               ; Clock Edge ; Target              ;
+--------+--------------+----------------+-----------+---------------------+------------+---------------------+
; 97.778 ; 100.000      ; 2.222          ; Port Rate ; altera_reserved_tck ; Rise       ; altera_reserved_tck ;
+--------+--------------+----------------+-----------+---------------------+------------+---------------------+


+------------------------------------------------------------+
; Propagation Delay                                          ;
+------------+---------------+-------+-------+-------+-------+
; Input Port ; Output Port   ; RR    ; RF    ; FR    ; FF    ;
+------------+---------------+-------+-------+-------+-------+
; adr[0]     ; LED1[0]       ; 7.858 ; 7.858 ; 7.858 ; 7.858 ;
; adr[0]     ; LED1[2]       ; 7.841 ; 7.841 ; 7.841 ; 7.841 ;
; adr[0]     ; LED1[3]       ; 7.876 ; 7.876 ; 7.876 ; 7.876 ;
; adr[0]     ; LED1[4]       ; 7.473 ; 7.473 ; 7.473 ; 7.473 ;
; adr[0]     ; LED1[5]       ; 7.623 ; 7.623 ; 7.623 ; 7.623 ;
; adr[0]     ; LED1[6]       ; 7.716 ; 7.677 ; 7.677 ; 7.716 ;
; adr[0]     ; LED2[0]       ; 8.566 ; 8.566 ; 8.566 ; 8.566 ;
; adr[0]     ; LED2[1]       ; 8.652 ; 8.652 ; 8.652 ; 8.652 ;
; adr[0]     ; LED2[2]       ; 8.652 ; 8.652 ; 8.652 ; 8.652 ;
; adr[0]     ; LED2[3]       ; 8.662 ; 8.662 ; 8.662 ; 8.662 ;
; adr[0]     ; LED2[4]       ; 8.670 ; 8.670 ; 8.670 ; 8.670 ;
; adr[0]     ; LED2[5]       ; 8.702 ; 8.702 ; 8.702 ; 8.702 ;
; adr[0]     ; LED2[6]       ; 8.700 ; 8.700 ; 8.700 ; 8.700 ;
; adr[0]     ; value_test[0] ; 5.635 ; 5.635 ; 5.635 ; 5.635 ;
; adr[0]     ; value_test[1] ; 5.571 ; 5.610 ; 5.610 ; 5.571 ;
; adr[0]     ; value_test[2] ; 5.846 ; 5.846 ; 5.846 ; 5.846 ;
; adr[0]     ; value_test[3] ; 5.813 ; 5.813 ; 5.813 ; 5.813 ;
; adr[0]     ; value_test[4] ; 6.500 ; 6.500 ; 6.500 ; 6.500 ;
; adr[0]     ; value_test[5] ; 5.685 ; 5.685 ; 5.685 ; 5.685 ;
; adr[1]     ; LED1[0]       ; 8.120 ; 8.120 ; 8.120 ; 8.120 ;
; adr[1]     ; LED1[2]       ; 8.103 ; 8.103 ; 8.103 ; 8.103 ;
; adr[1]     ; LED1[3]       ; 8.138 ; 8.138 ; 8.138 ; 8.138 ;
; adr[1]     ; LED1[4]       ; 7.735 ; 7.735 ; 7.735 ; 7.735 ;
; adr[1]     ; LED1[5]       ; 7.885 ; 7.885 ; 7.885 ; 7.885 ;
; adr[1]     ; LED1[6]       ; 7.978 ; 7.978 ; 7.978 ; 7.978 ;
; adr[1]     ; LED2[0]       ; 8.828 ; 8.828 ; 8.828 ; 8.828 ;
; adr[1]     ; LED2[1]       ; 8.914 ; 8.914 ; 8.914 ; 8.914 ;
; adr[1]     ; LED2[2]       ; 8.914 ; 8.914 ; 8.914 ; 8.914 ;
; adr[1]     ; LED2[3]       ; 8.924 ; 8.924 ; 8.924 ; 8.924 ;
; adr[1]     ; LED2[4]       ; 8.932 ; 8.932 ; 8.932 ; 8.932 ;
; adr[1]     ; LED2[5]       ; 8.964 ; 8.964 ; 8.964 ; 8.964 ;
; adr[1]     ; LED2[6]       ; 8.962 ; 8.962 ; 8.962 ; 8.962 ;
; adr[1]     ; value_test[0] ; 5.525 ; 5.525 ; 5.525 ; 5.525 ;
; adr[1]     ; value_test[1] ; 5.872 ; 5.872 ; 5.872 ; 5.872 ;
; adr[1]     ; value_test[2] ; 5.971 ; 5.971 ; 5.971 ; 5.971 ;
; adr[1]     ; value_test[3] ; 5.804 ; 5.804 ; 5.804 ; 5.804 ;
; adr[1]     ; value_test[4] ; 6.486 ; 6.486 ; 6.486 ; 6.486 ;
; adr[1]     ; value_test[5] ; 5.728 ; 5.728 ; 5.728 ; 5.728 ;
; adr[2]     ; LED1[0]       ; 7.594 ; 7.594 ; 7.594 ; 7.594 ;
; adr[2]     ; LED1[2]       ; 7.577 ; 7.577 ; 7.577 ; 7.577 ;
; adr[2]     ; LED1[3]       ; 7.612 ; 7.612 ; 7.612 ; 7.612 ;
; adr[2]     ; LED1[4]       ; 7.209 ; 7.209 ; 7.209 ; 7.209 ;
; adr[2]     ; LED1[5]       ; 7.359 ; 7.359 ; 7.359 ; 7.359 ;
; adr[2]     ; LED1[6]       ; 7.328 ; 7.452 ; 7.452 ; 7.328 ;
; adr[2]     ; LED2[0]       ; 8.302 ; 8.302 ; 8.302 ; 8.302 ;
; adr[2]     ; LED2[1]       ; 8.388 ; 8.388 ; 8.388 ; 8.388 ;
; adr[2]     ; LED2[2]       ; 8.388 ; 8.388 ; 8.388 ; 8.388 ;
; adr[2]     ; LED2[3]       ; 8.398 ; 8.398 ; 8.398 ; 8.398 ;
; adr[2]     ; LED2[4]       ; 8.406 ; 8.406 ; 8.406 ; 8.406 ;
; adr[2]     ; LED2[5]       ; 8.438 ; 8.438 ; 8.438 ; 8.438 ;
; adr[2]     ; LED2[6]       ; 8.436 ; 8.436 ; 8.436 ; 8.436 ;
; adr[2]     ; value_test[0] ; 4.917 ; 4.917 ; 4.917 ; 4.917 ;
; adr[2]     ; value_test[1] ; 5.346 ; 4.982 ; 4.982 ; 5.346 ;
; adr[2]     ; value_test[2] ; 5.396 ; 5.396 ; 5.396 ; 5.396 ;
; adr[2]     ; value_test[3] ; 5.490 ; 5.480 ; 5.480 ; 5.490 ;
; adr[2]     ; value_test[4] ; 5.688 ; 5.688 ; 5.688 ; 5.688 ;
; adr[2]     ; value_test[5] ; 4.947 ; 4.634 ; 4.634 ; 4.947 ;
; adr[3]     ; LED1[0]       ; 6.987 ; 6.987 ; 6.987 ; 6.987 ;
; adr[3]     ; LED1[2]       ; 6.970 ; 6.970 ; 6.970 ; 6.970 ;
; adr[3]     ; LED1[3]       ; 7.005 ; 7.005 ; 7.005 ; 7.005 ;
; adr[3]     ; LED1[4]       ; 6.602 ; 6.602 ; 6.602 ; 6.602 ;
; adr[3]     ; LED1[5]       ; 6.752 ; 6.752 ; 6.752 ; 6.752 ;
; adr[3]     ; LED1[6]       ; 6.845 ; 6.845 ; 6.845 ; 6.845 ;
; adr[3]     ; LED2[0]       ; 7.695 ; 7.695 ; 7.695 ; 7.695 ;
; adr[3]     ; LED2[1]       ; 7.781 ; 7.781 ; 7.781 ; 7.781 ;
; adr[3]     ; LED2[2]       ; 7.781 ; 7.781 ; 7.781 ; 7.781 ;
; adr[3]     ; LED2[3]       ; 7.791 ; 7.791 ; 7.791 ; 7.791 ;
; adr[3]     ; LED2[4]       ; 7.799 ; 7.799 ; 7.799 ; 7.799 ;
; adr[3]     ; LED2[5]       ; 7.831 ; 7.831 ; 7.831 ; 7.831 ;
; adr[3]     ; LED2[6]       ; 7.829 ; 7.829 ; 7.829 ; 7.829 ;
; adr[3]     ; value_test[0] ; 4.677 ; 4.836 ; 4.836 ; 4.677 ;
; adr[3]     ; value_test[1] ; 4.674 ; 4.674 ; 4.674 ; 4.674 ;
; adr[3]     ; value_test[2] ; 5.186 ; 5.186 ; 5.186 ; 5.186 ;
; adr[3]     ; value_test[3] ; 4.835 ; 4.835 ; 4.835 ; 4.835 ;
; adr[3]     ; value_test[4] ; 5.474 ; 5.474 ; 5.474 ; 5.474 ;
; adr[3]     ; value_test[5] ; 4.411 ; 4.411 ; 4.411 ; 4.411 ;
; adr[4]     ; LED1[0]       ; 7.566 ; 7.566 ; 7.566 ; 7.566 ;
; adr[4]     ; LED1[2]       ; 7.549 ; 7.549 ; 7.549 ; 7.549 ;
; adr[4]     ; LED1[3]       ; 7.584 ; 7.584 ; 7.584 ; 7.584 ;
; adr[4]     ; LED1[4]       ; 7.181 ; 7.181 ; 7.181 ; 7.181 ;
; adr[4]     ; LED1[5]       ; 7.331 ; 7.331 ; 7.331 ; 7.331 ;
; adr[4]     ; LED1[6]       ; 7.424 ; 6.728 ; 6.728 ; 7.424 ;
; adr[4]     ; LED2[0]       ; 8.274 ; 8.274 ; 8.274 ; 8.274 ;
; adr[4]     ; LED2[1]       ; 8.360 ; 8.360 ; 8.360 ; 8.360 ;
; adr[4]     ; LED2[2]       ; 8.360 ; 8.360 ; 8.360 ; 8.360 ;
; adr[4]     ; LED2[3]       ; 8.370 ; 8.370 ; 8.370 ; 8.370 ;
; adr[4]     ; LED2[4]       ; 8.378 ; 8.378 ; 8.378 ; 8.378 ;
; adr[4]     ; LED2[5]       ; 8.410 ; 8.410 ; 8.410 ; 8.410 ;
; adr[4]     ; LED2[6]       ; 8.408 ; 8.408 ; 8.408 ; 8.408 ;
; adr[4]     ; value_test[0] ; 4.480 ; 4.844 ; 4.844 ; 4.480 ;
; adr[4]     ; value_test[1] ; 4.406 ; 5.318 ; 5.318 ; 4.406 ;
; adr[4]     ; value_test[2] ; 5.069 ; 5.069 ; 5.069 ; 5.069 ;
; adr[4]     ; value_test[3] ; 4.645 ; 4.979 ; 4.979 ; 4.645 ;
; adr[4]     ; value_test[4] ; 5.205 ; 5.205 ; 5.205 ; 5.205 ;
; adr[4]     ; value_test[5] ; 4.090 ; 4.961 ; 4.961 ; 4.090 ;
; adr[5]     ; LED1[0]       ; 7.607 ; 7.607 ; 7.607 ; 7.607 ;
; adr[5]     ; LED1[2]       ; 7.590 ; 7.590 ; 7.590 ; 7.590 ;
; adr[5]     ; LED1[3]       ; 7.625 ; 7.625 ; 7.625 ; 7.625 ;
; adr[5]     ; LED1[4]       ; 7.222 ; 7.222 ; 7.222 ; 7.222 ;
; adr[5]     ; LED1[5]       ; 7.372 ; 7.372 ; 7.372 ; 7.372 ;
; adr[5]     ; LED1[6]       ; 7.465 ; 6.816 ; 6.816 ; 7.465 ;
; adr[5]     ; LED2[0]       ; 8.315 ; 8.315 ; 8.315 ; 8.315 ;
; adr[5]     ; LED2[1]       ; 8.401 ; 8.401 ; 8.401 ; 8.401 ;
; adr[5]     ; LED2[2]       ; 8.401 ; 8.401 ; 8.401 ; 8.401 ;
; adr[5]     ; LED2[3]       ; 8.411 ; 8.411 ; 8.411 ; 8.411 ;
; adr[5]     ; LED2[4]       ; 8.419 ; 8.419 ; 8.419 ; 8.419 ;
; adr[5]     ; LED2[5]       ; 8.451 ; 8.451 ; 8.451 ; 8.451 ;
; adr[5]     ; LED2[6]       ; 8.449 ; 8.449 ; 8.449 ; 8.449 ;
; adr[5]     ; value_test[0] ; 4.648 ; 4.885 ; 4.885 ; 4.648 ;
; adr[5]     ; value_test[1] ; 4.448 ; 5.359 ; 5.359 ; 4.448 ;
; adr[5]     ; value_test[2] ; 5.157 ; 5.157 ; 5.157 ; 5.157 ;
; adr[5]     ; value_test[3] ; 4.830 ; 5.020 ; 5.020 ; 4.830 ;
; adr[5]     ; value_test[4] ; 5.327 ; 5.327 ; 5.327 ; 5.327 ;
; adr[5]     ; value_test[5] ; 4.149 ; 5.002 ; 5.002 ; 4.149 ;
+------------+---------------+-------+-------+-------+-------+


+------------------------------------------------------------+
; Minimum Propagation Delay                                  ;
+------------+---------------+-------+-------+-------+-------+
; Input Port ; Output Port   ; RR    ; RF    ; FR    ; FF    ;
+------------+---------------+-------+-------+-------+-------+
; adr[0]     ; LED1[0]       ; 5.357 ; 5.357 ; 5.357 ; 5.357 ;
; adr[0]     ; LED1[2]       ; 5.342 ; 5.342 ; 5.342 ; 5.342 ;
; adr[0]     ; LED1[3]       ; 5.375 ; 5.375 ; 5.375 ; 5.375 ;
; adr[0]     ; LED1[4]       ; 4.970 ; 4.970 ; 4.970 ; 4.970 ;
; adr[0]     ; LED1[5]       ; 5.130 ; 5.130 ; 5.130 ; 5.130 ;
; adr[0]     ; LED1[6]       ; 5.209 ; 5.209 ; 5.209 ; 5.209 ;
; adr[0]     ; LED2[0]       ; 5.531 ; 5.531 ; 5.531 ; 5.531 ;
; adr[0]     ; LED2[1]       ; 5.617 ; 5.617 ; 5.617 ; 5.617 ;
; adr[0]     ; LED2[2]       ; 5.618 ; 5.618 ; 5.618 ; 5.618 ;
; adr[0]     ; LED2[3]       ; 5.628 ; 5.628 ; 5.628 ; 5.628 ;
; adr[0]     ; LED2[4]       ; 5.632 ; 5.632 ; 5.632 ; 5.632 ;
; adr[0]     ; LED2[5]       ; 5.665 ; 5.665 ; 5.665 ; 5.665 ;
; adr[0]     ; LED2[6]       ; 5.663 ; 5.663 ; 5.663 ; 5.663 ;
; adr[0]     ; value_test[0] ; 4.954 ; 4.954 ; 4.954 ; 4.954 ;
; adr[0]     ; value_test[1] ; 4.783 ; 4.783 ; 4.783 ; 4.783 ;
; adr[0]     ; value_test[2] ; 5.005 ; 5.005 ; 5.005 ; 5.005 ;
; adr[0]     ; value_test[3] ; 4.414 ; 4.527 ; 4.527 ; 4.414 ;
; adr[0]     ; value_test[4] ; 4.804 ; 4.804 ; 4.804 ; 4.804 ;
; adr[0]     ; value_test[5] ; 4.406 ; 4.406 ; 4.406 ; 4.406 ;
; adr[1]     ; LED1[0]       ; 5.218 ; 5.218 ; 5.218 ; 5.218 ;
; adr[1]     ; LED1[2]       ; 5.205 ; 5.205 ; 5.205 ; 5.205 ;
; adr[1]     ; LED1[3]       ; 5.236 ; 5.236 ; 5.236 ; 5.236 ;
; adr[1]     ; LED1[4]       ; 4.837 ; 4.837 ; 4.837 ; 4.837 ;
; adr[1]     ; LED1[5]       ; 4.972 ; 4.972 ; 4.972 ; 4.972 ;
; adr[1]     ; LED1[6]       ; 5.078 ; 5.078 ; 5.078 ; 5.078 ;
; adr[1]     ; LED2[0]       ; 5.145 ; 5.145 ; 5.145 ; 5.145 ;
; adr[1]     ; LED2[1]       ; 5.231 ; 5.231 ; 5.231 ; 5.231 ;
; adr[1]     ; LED2[2]       ; 5.232 ; 5.232 ; 5.232 ; 5.232 ;
; adr[1]     ; LED2[3]       ; 5.242 ; 5.242 ; 5.242 ; 5.242 ;
; adr[1]     ; LED2[4]       ; 5.246 ; 5.246 ; 5.246 ; 5.246 ;
; adr[1]     ; LED2[5]       ; 5.279 ; 5.279 ; 5.279 ; 5.279 ;
; adr[1]     ; LED2[6]       ; 5.277 ; 5.277 ; 5.277 ; 5.277 ;
; adr[1]     ; value_test[0] ; 4.661 ; 4.661 ; 4.661 ; 4.661 ;
; adr[1]     ; value_test[1] ; 4.601 ; 4.601 ; 4.601 ; 4.601 ;
; adr[1]     ; value_test[2] ; 4.598 ; 4.743 ; 4.743 ; 4.598 ;
; adr[1]     ; value_test[3] ; 4.325 ; 4.325 ; 4.325 ; 4.325 ;
; adr[1]     ; value_test[4] ; 4.590 ; 4.590 ; 4.590 ; 4.590 ;
; adr[1]     ; value_test[5] ; 4.557 ; 4.557 ; 4.557 ; 4.557 ;
; adr[2]     ; LED1[0]       ; 4.639 ; 4.639 ; 4.639 ; 4.639 ;
; adr[2]     ; LED1[2]       ; 4.626 ; 4.626 ; 4.626 ; 4.626 ;
; adr[2]     ; LED1[3]       ; 4.657 ; 4.657 ; 4.657 ; 4.657 ;
; adr[2]     ; LED1[4]       ; 4.258 ; 4.258 ; 4.258 ; 4.258 ;
; adr[2]     ; LED1[5]       ; 4.393 ; 4.393 ; 4.393 ; 4.393 ;
; adr[2]     ; LED1[6]       ; 4.499 ; 4.499 ; 4.499 ; 4.499 ;
; adr[2]     ; LED2[0]       ; 4.613 ; 4.613 ; 4.613 ; 4.613 ;
; adr[2]     ; LED2[1]       ; 4.699 ; 4.699 ; 4.699 ; 4.699 ;
; adr[2]     ; LED2[2]       ; 4.700 ; 4.700 ; 4.700 ; 4.700 ;
; adr[2]     ; LED2[3]       ; 4.710 ; 4.710 ; 4.710 ; 4.710 ;
; adr[2]     ; LED2[4]       ; 4.714 ; 4.714 ; 4.714 ; 4.714 ;
; adr[2]     ; LED2[5]       ; 4.747 ; 4.747 ; 4.747 ; 4.747 ;
; adr[2]     ; LED2[6]       ; 4.745 ; 4.745 ; 4.745 ; 4.745 ;
; adr[2]     ; value_test[0] ; 4.147 ; 4.110 ; 4.110 ; 4.147 ;
; adr[2]     ; value_test[1] ; 4.059 ; 3.893 ; 3.893 ; 4.059 ;
; adr[2]     ; value_test[2] ; 4.171 ; 4.066 ; 4.066 ; 4.171 ;
; adr[2]     ; value_test[3] ; 4.193 ; 3.898 ; 3.898 ; 4.193 ;
; adr[2]     ; value_test[4] ; 4.011 ; 4.011 ; 4.011 ; 4.011 ;
; adr[2]     ; value_test[5] ; 4.060 ; 3.770 ; 3.770 ; 4.060 ;
; adr[3]     ; LED1[0]       ; 4.834 ; 4.834 ; 4.834 ; 4.834 ;
; adr[3]     ; LED1[2]       ; 4.819 ; 4.819 ; 4.819 ; 4.819 ;
; adr[3]     ; LED1[3]       ; 4.852 ; 4.852 ; 4.852 ; 4.852 ;
; adr[3]     ; LED1[4]       ; 4.494 ; 4.447 ; 4.447 ; 4.494 ;
; adr[3]     ; LED1[5]       ; 4.607 ; 4.607 ; 4.607 ; 4.607 ;
; adr[3]     ; LED1[6]       ; 4.686 ; 4.733 ; 4.733 ; 4.686 ;
; adr[3]     ; LED2[0]       ; 4.948 ; 4.948 ; 4.948 ; 4.948 ;
; adr[3]     ; LED2[1]       ; 5.034 ; 5.034 ; 5.034 ; 5.034 ;
; adr[3]     ; LED2[2]       ; 5.035 ; 5.035 ; 5.035 ; 5.035 ;
; adr[3]     ; LED2[3]       ; 5.045 ; 5.045 ; 5.045 ; 5.045 ;
; adr[3]     ; LED2[4]       ; 5.049 ; 5.049 ; 5.049 ; 5.049 ;
; adr[3]     ; LED2[5]       ; 5.082 ; 5.082 ; 5.082 ; 5.082 ;
; adr[3]     ; LED2[6]       ; 5.080 ; 5.080 ; 5.080 ; 5.080 ;
; adr[3]     ; value_test[0] ; 4.357 ; 4.416 ; 4.416 ; 4.357 ;
; adr[3]     ; value_test[1] ; 4.173 ; 4.245 ; 4.245 ; 4.173 ;
; adr[3]     ; value_test[2] ; 4.401 ; 4.518 ; 4.518 ; 4.401 ;
; adr[3]     ; value_test[3] ; 4.163 ; 4.105 ; 4.105 ; 4.163 ;
; adr[3]     ; value_test[4] ; 4.525 ; 4.465 ; 4.465 ; 4.525 ;
; adr[3]     ; value_test[5] ; 3.930 ; 3.883 ; 3.883 ; 3.930 ;
; adr[4]     ; LED1[0]       ; 4.733 ; 4.733 ; 4.733 ; 4.733 ;
; adr[4]     ; LED1[2]       ; 4.720 ; 4.720 ; 4.720 ; 4.720 ;
; adr[4]     ; LED1[3]       ; 4.751 ; 4.751 ; 4.751 ; 4.751 ;
; adr[4]     ; LED1[4]       ; 4.352 ; 4.352 ; 4.352 ; 4.352 ;
; adr[4]     ; LED1[5]       ; 4.487 ; 4.487 ; 4.487 ; 4.487 ;
; adr[4]     ; LED1[6]       ; 4.781 ; 4.593 ; 4.593 ; 4.781 ;
; adr[4]     ; LED2[0]       ; 4.661 ; 4.661 ; 4.661 ; 4.661 ;
; adr[4]     ; LED2[1]       ; 4.747 ; 4.747 ; 4.747 ; 4.747 ;
; adr[4]     ; LED2[2]       ; 4.748 ; 4.748 ; 4.748 ; 4.748 ;
; adr[4]     ; LED2[3]       ; 4.758 ; 4.758 ; 4.758 ; 4.758 ;
; adr[4]     ; LED2[4]       ; 4.762 ; 4.762 ; 4.762 ; 4.762 ;
; adr[4]     ; LED2[5]       ; 4.795 ; 4.795 ; 4.795 ; 4.795 ;
; adr[4]     ; LED2[6]       ; 4.793 ; 4.793 ; 4.793 ; 4.793 ;
; adr[4]     ; value_test[0] ; 4.239 ; 4.364 ; 4.364 ; 4.239 ;
; adr[4]     ; value_test[1] ; 4.141 ; 4.155 ; 4.155 ; 4.141 ;
; adr[4]     ; value_test[2] ; 4.114 ; 4.152 ; 4.152 ; 4.114 ;
; adr[4]     ; value_test[3] ; 4.258 ; 4.135 ; 4.135 ; 4.258 ;
; adr[4]     ; value_test[4] ; 4.105 ; 4.405 ; 4.405 ; 4.105 ;
; adr[4]     ; value_test[5] ; 3.980 ; 3.978 ; 3.978 ; 3.980 ;
; adr[5]     ; LED1[0]       ; 5.100 ; 5.100 ; 5.100 ; 5.100 ;
; adr[5]     ; LED1[2]       ; 5.085 ; 5.085 ; 5.085 ; 5.085 ;
; adr[5]     ; LED1[3]       ; 5.118 ; 5.118 ; 5.118 ; 5.118 ;
; adr[5]     ; LED1[4]       ; 4.713 ; 4.713 ; 4.713 ; 4.713 ;
; adr[5]     ; LED1[5]       ; 4.873 ; 4.873 ; 4.873 ; 4.873 ;
; adr[5]     ; LED1[6]       ; 4.952 ; 4.952 ; 4.952 ; 4.952 ;
; adr[5]     ; LED2[0]       ; 5.336 ; 5.336 ; 5.336 ; 5.336 ;
; adr[5]     ; LED2[1]       ; 5.422 ; 5.422 ; 5.422 ; 5.422 ;
; adr[5]     ; LED2[2]       ; 5.423 ; 5.423 ; 5.423 ; 5.423 ;
; adr[5]     ; LED2[3]       ; 5.433 ; 5.433 ; 5.433 ; 5.433 ;
; adr[5]     ; LED2[4]       ; 5.437 ; 5.437 ; 5.437 ; 5.437 ;
; adr[5]     ; LED2[5]       ; 5.470 ; 5.470 ; 5.470 ; 5.470 ;
; adr[5]     ; LED2[6]       ; 5.468 ; 5.468 ; 5.468 ; 5.468 ;
; adr[5]     ; value_test[0] ; 4.433 ; 4.433 ; 4.433 ; 4.433 ;
; adr[5]     ; value_test[1] ; 4.410 ; 4.410 ; 4.410 ; 4.410 ;
; adr[5]     ; value_test[2] ; 4.930 ; 4.789 ; 4.789 ; 4.930 ;
; adr[5]     ; value_test[3] ; 4.648 ; 4.648 ; 4.648 ; 4.648 ;
; adr[5]     ; value_test[4] ; 5.210 ; 4.571 ; 4.571 ; 5.210 ;
; adr[5]     ; value_test[5] ; 4.149 ; 4.149 ; 4.149 ; 4.149 ;
+------------+---------------+-------+-------+-------+-------+


+--------------------------------------------------------------------------------+
; Multicorner Timing Analysis Summary                                            ;
+----------------------+-------+------+----------+---------+---------------------+
; Clock                ; Setup ; Hold ; Recovery ; Removal ; Minimum Pulse Width ;
+----------------------+-------+------+----------+---------+---------------------+
; Worst-case Slack     ; N/A   ; N/A  ; N/A      ; N/A     ; 97.531              ;
;  altera_reserved_tck ; N/A   ; N/A  ; N/A      ; N/A     ; 97.531              ;
; Design-wide TNS      ; 0.0   ; 0.0  ; 0.0      ; 0.0     ; 0.0                 ;
;  altera_reserved_tck ; N/A   ; N/A  ; N/A      ; N/A     ; 0.000               ;
+----------------------+-------+------+----------+---------+---------------------+


+----------------------------------------------------------------+
; Progagation Delay                                              ;
+------------+---------------+--------+--------+--------+--------+
; Input Port ; Output Port   ; RR     ; RF     ; FR     ; FF     ;
+------------+---------------+--------+--------+--------+--------+
; adr[0]     ; LED1[0]       ; 19.307 ; 19.307 ; 19.307 ; 19.307 ;
; adr[0]     ; LED1[2]       ; 19.178 ; 19.178 ; 19.178 ; 19.178 ;
; adr[0]     ; LED1[3]       ; 19.325 ; 19.325 ; 19.325 ; 19.325 ;
; adr[0]     ; LED1[4]       ; 18.227 ; 18.227 ; 18.227 ; 18.227 ;
; adr[0]     ; LED1[5]       ; 18.698 ; 18.698 ; 18.698 ; 18.698 ;
; adr[0]     ; LED1[6]       ; 19.021 ; 19.021 ; 19.021 ; 19.021 ;
; adr[0]     ; LED2[0]       ; 21.367 ; 21.367 ; 21.367 ; 21.367 ;
; adr[0]     ; LED2[1]       ; 21.665 ; 21.665 ; 21.665 ; 21.665 ;
; adr[0]     ; LED2[2]       ; 21.666 ; 21.666 ; 21.666 ; 21.666 ;
; adr[0]     ; LED2[3]       ; 21.679 ; 21.679 ; 21.679 ; 21.679 ;
; adr[0]     ; LED2[4]       ; 21.686 ; 21.686 ; 21.686 ; 21.686 ;
; adr[0]     ; LED2[5]       ; 21.719 ; 21.719 ; 21.719 ; 21.719 ;
; adr[0]     ; LED2[6]       ; 21.717 ; 21.717 ; 21.717 ; 21.717 ;
; adr[0]     ; value_test[0] ; 13.291 ; 13.291 ; 13.291 ; 13.291 ;
; adr[0]     ; value_test[1] ; 13.093 ; 13.093 ; 13.093 ; 13.093 ;
; adr[0]     ; value_test[2] ; 13.760 ; 13.760 ; 13.760 ; 13.760 ;
; adr[0]     ; value_test[3] ; 13.813 ; 13.813 ; 13.813 ; 13.813 ;
; adr[0]     ; value_test[4] ; 15.503 ; 15.503 ; 15.503 ; 15.503 ;
; adr[0]     ; value_test[5] ; 13.380 ; 13.380 ; 13.380 ; 13.380 ;
; adr[1]     ; LED1[0]       ; 19.778 ; 19.778 ; 19.778 ; 19.778 ;
; adr[1]     ; LED1[2]       ; 19.649 ; 19.649 ; 19.649 ; 19.649 ;
; adr[1]     ; LED1[3]       ; 19.796 ; 19.796 ; 19.796 ; 19.796 ;
; adr[1]     ; LED1[4]       ; 18.698 ; 18.698 ; 18.698 ; 18.698 ;
; adr[1]     ; LED1[5]       ; 19.169 ; 19.169 ; 19.169 ; 19.169 ;
; adr[1]     ; LED1[6]       ; 19.492 ; 19.492 ; 19.492 ; 19.492 ;
; adr[1]     ; LED2[0]       ; 21.838 ; 21.838 ; 21.838 ; 21.838 ;
; adr[1]     ; LED2[1]       ; 22.136 ; 22.136 ; 22.136 ; 22.136 ;
; adr[1]     ; LED2[2]       ; 22.137 ; 22.137 ; 22.137 ; 22.137 ;
; adr[1]     ; LED2[3]       ; 22.150 ; 22.150 ; 22.150 ; 22.150 ;
; adr[1]     ; LED2[4]       ; 22.157 ; 22.157 ; 22.157 ; 22.157 ;
; adr[1]     ; LED2[5]       ; 22.190 ; 22.190 ; 22.190 ; 22.190 ;
; adr[1]     ; LED2[6]       ; 22.188 ; 22.188 ; 22.188 ; 22.188 ;
; adr[1]     ; value_test[0] ; 12.921 ; 12.921 ; 12.921 ; 12.921 ;
; adr[1]     ; value_test[1] ; 13.613 ; 13.613 ; 13.613 ; 13.613 ;
; adr[1]     ; value_test[2] ; 14.187 ; 14.187 ; 14.187 ; 14.187 ;
; adr[1]     ; value_test[3] ; 13.723 ; 13.723 ; 13.723 ; 13.723 ;
; adr[1]     ; value_test[4] ; 15.476 ; 15.476 ; 15.476 ; 15.476 ;
; adr[1]     ; value_test[5] ; 13.501 ; 13.501 ; 13.501 ; 13.501 ;
; adr[2]     ; LED1[0]       ; 18.424 ; 18.424 ; 18.424 ; 18.424 ;
; adr[2]     ; LED1[2]       ; 18.295 ; 18.295 ; 18.295 ; 18.295 ;
; adr[2]     ; LED1[3]       ; 18.442 ; 18.442 ; 18.442 ; 18.442 ;
; adr[2]     ; LED1[4]       ; 17.344 ; 17.344 ; 17.344 ; 17.344 ;
; adr[2]     ; LED1[5]       ; 17.815 ; 17.815 ; 17.815 ; 17.815 ;
; adr[2]     ; LED1[6]       ; 18.123 ; 18.138 ; 18.138 ; 18.123 ;
; adr[2]     ; LED2[0]       ; 20.484 ; 20.484 ; 20.484 ; 20.484 ;
; adr[2]     ; LED2[1]       ; 20.782 ; 20.782 ; 20.782 ; 20.782 ;
; adr[2]     ; LED2[2]       ; 20.783 ; 20.783 ; 20.783 ; 20.783 ;
; adr[2]     ; LED2[3]       ; 20.796 ; 20.796 ; 20.796 ; 20.796 ;
; adr[2]     ; LED2[4]       ; 20.803 ; 20.803 ; 20.803 ; 20.803 ;
; adr[2]     ; LED2[5]       ; 20.836 ; 20.836 ; 20.836 ; 20.836 ;
; adr[2]     ; LED2[6]       ; 20.834 ; 20.834 ; 20.834 ; 20.834 ;
; adr[2]     ; value_test[0] ; 11.345 ; 11.345 ; 11.345 ; 11.345 ;
; adr[2]     ; value_test[1] ; 12.259 ; 11.211 ; 11.211 ; 12.259 ;
; adr[2]     ; value_test[2] ; 12.671 ; 12.671 ; 12.671 ; 12.671 ;
; adr[2]     ; value_test[3] ; 12.861 ; 12.915 ; 12.915 ; 12.861 ;
; adr[2]     ; value_test[4] ; 13.337 ; 13.337 ; 13.337 ; 13.337 ;
; adr[2]     ; value_test[5] ; 11.477 ; 10.731 ; 10.731 ; 11.477 ;
; adr[3]     ; LED1[0]       ; 17.084 ; 17.084 ; 17.084 ; 17.084 ;
; adr[3]     ; LED1[2]       ; 16.955 ; 16.955 ; 16.955 ; 16.955 ;
; adr[3]     ; LED1[3]       ; 17.102 ; 17.102 ; 17.102 ; 17.102 ;
; adr[3]     ; LED1[4]       ; 16.004 ; 16.004 ; 16.004 ; 16.004 ;
; adr[3]     ; LED1[5]       ; 16.475 ; 16.475 ; 16.475 ; 16.475 ;
; adr[3]     ; LED1[6]       ; 16.798 ; 16.798 ; 16.798 ; 16.798 ;
; adr[3]     ; LED2[0]       ; 19.144 ; 19.144 ; 19.144 ; 19.144 ;
; adr[3]     ; LED2[1]       ; 19.442 ; 19.442 ; 19.442 ; 19.442 ;
; adr[3]     ; LED2[2]       ; 19.443 ; 19.443 ; 19.443 ; 19.443 ;
; adr[3]     ; LED2[3]       ; 19.456 ; 19.456 ; 19.456 ; 19.456 ;
; adr[3]     ; LED2[4]       ; 19.463 ; 19.463 ; 19.463 ; 19.463 ;
; adr[3]     ; LED2[5]       ; 19.496 ; 19.496 ; 19.496 ; 19.496 ;
; adr[3]     ; LED2[6]       ; 19.494 ; 19.494 ; 19.494 ; 19.494 ;
; adr[3]     ; value_test[0] ; 10.617 ; 10.973 ; 10.973 ; 10.617 ;
; adr[3]     ; value_test[1] ; 10.627 ; 10.627 ; 10.627 ; 10.627 ;
; adr[3]     ; value_test[2] ; 12.004 ; 12.004 ; 12.004 ; 12.004 ;
; adr[3]     ; value_test[3] ; 11.053 ; 11.053 ; 11.053 ; 11.053 ;
; adr[3]     ; value_test[4] ; 12.819 ; 12.819 ; 12.819 ; 12.819 ;
; adr[3]     ; value_test[5] ; 10.029 ; 10.029 ; 10.029 ; 10.029 ;
; adr[4]     ; LED1[0]       ; 18.073 ; 18.073 ; 18.073 ; 18.073 ;
; adr[4]     ; LED1[2]       ; 17.944 ; 17.944 ; 17.944 ; 17.944 ;
; adr[4]     ; LED1[3]       ; 18.091 ; 18.091 ; 18.091 ; 18.091 ;
; adr[4]     ; LED1[4]       ; 16.993 ; 16.993 ; 16.993 ; 16.993 ;
; adr[4]     ; LED1[5]       ; 17.464 ; 17.464 ; 17.464 ; 17.464 ;
; adr[4]     ; LED1[6]       ; 17.787 ; 16.527 ; 16.527 ; 17.787 ;
; adr[4]     ; LED2[0]       ; 20.133 ; 20.133 ; 20.133 ; 20.133 ;
; adr[4]     ; LED2[1]       ; 20.431 ; 20.431 ; 20.431 ; 20.431 ;
; adr[4]     ; LED2[2]       ; 20.432 ; 20.432 ; 20.432 ; 20.432 ;
; adr[4]     ; LED2[3]       ; 20.445 ; 20.445 ; 20.445 ; 20.445 ;
; adr[4]     ; LED2[4]       ; 20.452 ; 20.452 ; 20.452 ; 20.452 ;
; adr[4]     ; LED2[5]       ; 20.485 ; 20.485 ; 20.485 ; 20.485 ;
; adr[4]     ; LED2[6]       ; 20.483 ; 20.483 ; 20.483 ; 20.483 ;
; adr[4]     ; value_test[0] ; 10.108 ; 10.940 ; 10.940 ; 10.108 ;
; adr[4]     ; value_test[1] ; 9.899  ; 11.908 ; 11.908 ; 9.899  ;
; adr[4]     ; value_test[2] ; 11.733 ; 11.733 ; 11.733 ; 11.733 ;
; adr[4]     ; value_test[3] ; 10.530 ; 11.157 ; 11.157 ; 10.530 ;
; adr[4]     ; value_test[4] ; 12.091 ; 12.091 ; 12.091 ; 12.091 ;
; adr[4]     ; value_test[5] ; 9.182  ; 11.321 ; 11.321 ; 9.182  ;
; adr[5]     ; LED1[0]       ; 18.189 ; 18.189 ; 18.189 ; 18.189 ;
; adr[5]     ; LED1[2]       ; 18.060 ; 18.060 ; 18.060 ; 18.060 ;
; adr[5]     ; LED1[3]       ; 18.207 ; 18.207 ; 18.207 ; 18.207 ;
; adr[5]     ; LED1[4]       ; 17.109 ; 17.109 ; 17.109 ; 17.109 ;
; adr[5]     ; LED1[5]       ; 17.580 ; 17.580 ; 17.580 ; 17.580 ;
; adr[5]     ; LED1[6]       ; 17.903 ; 16.755 ; 16.755 ; 17.903 ;
; adr[5]     ; LED2[0]       ; 20.249 ; 20.249 ; 20.249 ; 20.249 ;
; adr[5]     ; LED2[1]       ; 20.547 ; 20.547 ; 20.547 ; 20.547 ;
; adr[5]     ; LED2[2]       ; 20.548 ; 20.548 ; 20.548 ; 20.548 ;
; adr[5]     ; LED2[3]       ; 20.561 ; 20.561 ; 20.561 ; 20.561 ;
; adr[5]     ; LED2[4]       ; 20.568 ; 20.568 ; 20.568 ; 20.568 ;
; adr[5]     ; LED2[5]       ; 20.601 ; 20.601 ; 20.601 ; 20.601 ;
; adr[5]     ; LED2[6]       ; 20.599 ; 20.599 ; 20.599 ; 20.599 ;
; adr[5]     ; value_test[0] ; 10.574 ; 11.056 ; 11.056 ; 10.574 ;
; adr[5]     ; value_test[1] ; 9.936  ; 12.024 ; 12.024 ; 9.936  ;
; adr[5]     ; value_test[2] ; 11.961 ; 11.961 ; 11.961 ; 11.961 ;
; adr[5]     ; value_test[3] ; 11.038 ; 11.273 ; 11.273 ; 11.038 ;
; adr[5]     ; value_test[4] ; 12.369 ; 12.369 ; 12.369 ; 12.369 ;
; adr[5]     ; value_test[5] ; 9.266  ; 11.437 ; 11.437 ; 9.266  ;
+------------+---------------+--------+--------+--------+--------+


+------------------------------------------------------------+
; Minimum Progagation Delay                                  ;
+------------+---------------+-------+-------+-------+-------+
; Input Port ; Output Port   ; RR    ; RF    ; FR    ; FF    ;
+------------+---------------+-------+-------+-------+-------+
; adr[0]     ; LED1[0]       ; 5.357 ; 5.357 ; 5.357 ; 5.357 ;
; adr[0]     ; LED1[2]       ; 5.342 ; 5.342 ; 5.342 ; 5.342 ;
; adr[0]     ; LED1[3]       ; 5.375 ; 5.375 ; 5.375 ; 5.375 ;
; adr[0]     ; LED1[4]       ; 4.970 ; 4.970 ; 4.970 ; 4.970 ;
; adr[0]     ; LED1[5]       ; 5.130 ; 5.130 ; 5.130 ; 5.130 ;
; adr[0]     ; LED1[6]       ; 5.209 ; 5.209 ; 5.209 ; 5.209 ;
; adr[0]     ; LED2[0]       ; 5.531 ; 5.531 ; 5.531 ; 5.531 ;
; adr[0]     ; LED2[1]       ; 5.617 ; 5.617 ; 5.617 ; 5.617 ;
; adr[0]     ; LED2[2]       ; 5.618 ; 5.618 ; 5.618 ; 5.618 ;
; adr[0]     ; LED2[3]       ; 5.628 ; 5.628 ; 5.628 ; 5.628 ;
; adr[0]     ; LED2[4]       ; 5.632 ; 5.632 ; 5.632 ; 5.632 ;
; adr[0]     ; LED2[5]       ; 5.665 ; 5.665 ; 5.665 ; 5.665 ;
; adr[0]     ; LED2[6]       ; 5.663 ; 5.663 ; 5.663 ; 5.663 ;
; adr[0]     ; value_test[0] ; 4.954 ; 4.954 ; 4.954 ; 4.954 ;
; adr[0]     ; value_test[1] ; 4.783 ; 4.783 ; 4.783 ; 4.783 ;
; adr[0]     ; value_test[2] ; 5.005 ; 5.005 ; 5.005 ; 5.005 ;
; adr[0]     ; value_test[3] ; 4.414 ; 4.527 ; 4.527 ; 4.414 ;
; adr[0]     ; value_test[4] ; 4.804 ; 4.804 ; 4.804 ; 4.804 ;
; adr[0]     ; value_test[5] ; 4.406 ; 4.406 ; 4.406 ; 4.406 ;
; adr[1]     ; LED1[0]       ; 5.218 ; 5.218 ; 5.218 ; 5.218 ;
; adr[1]     ; LED1[2]       ; 5.205 ; 5.205 ; 5.205 ; 5.205 ;
; adr[1]     ; LED1[3]       ; 5.236 ; 5.236 ; 5.236 ; 5.236 ;
; adr[1]     ; LED1[4]       ; 4.837 ; 4.837 ; 4.837 ; 4.837 ;
; adr[1]     ; LED1[5]       ; 4.972 ; 4.972 ; 4.972 ; 4.972 ;
; adr[1]     ; LED1[6]       ; 5.078 ; 5.078 ; 5.078 ; 5.078 ;
; adr[1]     ; LED2[0]       ; 5.145 ; 5.145 ; 5.145 ; 5.145 ;
; adr[1]     ; LED2[1]       ; 5.231 ; 5.231 ; 5.231 ; 5.231 ;
; adr[1]     ; LED2[2]       ; 5.232 ; 5.232 ; 5.232 ; 5.232 ;
; adr[1]     ; LED2[3]       ; 5.242 ; 5.242 ; 5.242 ; 5.242 ;
; adr[1]     ; LED2[4]       ; 5.246 ; 5.246 ; 5.246 ; 5.246 ;
; adr[1]     ; LED2[5]       ; 5.279 ; 5.279 ; 5.279 ; 5.279 ;
; adr[1]     ; LED2[6]       ; 5.277 ; 5.277 ; 5.277 ; 5.277 ;
; adr[1]     ; value_test[0] ; 4.661 ; 4.661 ; 4.661 ; 4.661 ;
; adr[1]     ; value_test[1] ; 4.601 ; 4.601 ; 4.601 ; 4.601 ;
; adr[1]     ; value_test[2] ; 4.598 ; 4.743 ; 4.743 ; 4.598 ;
; adr[1]     ; value_test[3] ; 4.325 ; 4.325 ; 4.325 ; 4.325 ;
; adr[1]     ; value_test[4] ; 4.590 ; 4.590 ; 4.590 ; 4.590 ;
; adr[1]     ; value_test[5] ; 4.557 ; 4.557 ; 4.557 ; 4.557 ;
; adr[2]     ; LED1[0]       ; 4.639 ; 4.639 ; 4.639 ; 4.639 ;
; adr[2]     ; LED1[2]       ; 4.626 ; 4.626 ; 4.626 ; 4.626 ;
; adr[2]     ; LED1[3]       ; 4.657 ; 4.657 ; 4.657 ; 4.657 ;
; adr[2]     ; LED1[4]       ; 4.258 ; 4.258 ; 4.258 ; 4.258 ;
; adr[2]     ; LED1[5]       ; 4.393 ; 4.393 ; 4.393 ; 4.393 ;
; adr[2]     ; LED1[6]       ; 4.499 ; 4.499 ; 4.499 ; 4.499 ;
; adr[2]     ; LED2[0]       ; 4.613 ; 4.613 ; 4.613 ; 4.613 ;
; adr[2]     ; LED2[1]       ; 4.699 ; 4.699 ; 4.699 ; 4.699 ;
; adr[2]     ; LED2[2]       ; 4.700 ; 4.700 ; 4.700 ; 4.700 ;
; adr[2]     ; LED2[3]       ; 4.710 ; 4.710 ; 4.710 ; 4.710 ;
; adr[2]     ; LED2[4]       ; 4.714 ; 4.714 ; 4.714 ; 4.714 ;
; adr[2]     ; LED2[5]       ; 4.747 ; 4.747 ; 4.747 ; 4.747 ;
; adr[2]     ; LED2[6]       ; 4.745 ; 4.745 ; 4.745 ; 4.745 ;
; adr[2]     ; value_test[0] ; 4.147 ; 4.110 ; 4.110 ; 4.147 ;
; adr[2]     ; value_test[1] ; 4.059 ; 3.893 ; 3.893 ; 4.059 ;
; adr[2]     ; value_test[2] ; 4.171 ; 4.066 ; 4.066 ; 4.171 ;
; adr[2]     ; value_test[3] ; 4.193 ; 3.898 ; 3.898 ; 4.193 ;
; adr[2]     ; value_test[4] ; 4.011 ; 4.011 ; 4.011 ; 4.011 ;
; adr[2]     ; value_test[5] ; 4.060 ; 3.770 ; 3.770 ; 4.060 ;
; adr[3]     ; LED1[0]       ; 4.834 ; 4.834 ; 4.834 ; 4.834 ;
; adr[3]     ; LED1[2]       ; 4.819 ; 4.819 ; 4.819 ; 4.819 ;
; adr[3]     ; LED1[3]       ; 4.852 ; 4.852 ; 4.852 ; 4.852 ;
; adr[3]     ; LED1[4]       ; 4.494 ; 4.447 ; 4.447 ; 4.494 ;
; adr[3]     ; LED1[5]       ; 4.607 ; 4.607 ; 4.607 ; 4.607 ;
; adr[3]     ; LED1[6]       ; 4.686 ; 4.733 ; 4.733 ; 4.686 ;
; adr[3]     ; LED2[0]       ; 4.948 ; 4.948 ; 4.948 ; 4.948 ;
; adr[3]     ; LED2[1]       ; 5.034 ; 5.034 ; 5.034 ; 5.034 ;
; adr[3]     ; LED2[2]       ; 5.035 ; 5.035 ; 5.035 ; 5.035 ;
; adr[3]     ; LED2[3]       ; 5.045 ; 5.045 ; 5.045 ; 5.045 ;
; adr[3]     ; LED2[4]       ; 5.049 ; 5.049 ; 5.049 ; 5.049 ;
; adr[3]     ; LED2[5]       ; 5.082 ; 5.082 ; 5.082 ; 5.082 ;
; adr[3]     ; LED2[6]       ; 5.080 ; 5.080 ; 5.080 ; 5.080 ;
; adr[3]     ; value_test[0] ; 4.357 ; 4.416 ; 4.416 ; 4.357 ;
; adr[3]     ; value_test[1] ; 4.173 ; 4.245 ; 4.245 ; 4.173 ;
; adr[3]     ; value_test[2] ; 4.401 ; 4.518 ; 4.518 ; 4.401 ;
; adr[3]     ; value_test[3] ; 4.163 ; 4.105 ; 4.105 ; 4.163 ;
; adr[3]     ; value_test[4] ; 4.525 ; 4.465 ; 4.465 ; 4.525 ;
; adr[3]     ; value_test[5] ; 3.930 ; 3.883 ; 3.883 ; 3.930 ;
; adr[4]     ; LED1[0]       ; 4.733 ; 4.733 ; 4.733 ; 4.733 ;
; adr[4]     ; LED1[2]       ; 4.720 ; 4.720 ; 4.720 ; 4.720 ;
; adr[4]     ; LED1[3]       ; 4.751 ; 4.751 ; 4.751 ; 4.751 ;
; adr[4]     ; LED1[4]       ; 4.352 ; 4.352 ; 4.352 ; 4.352 ;
; adr[4]     ; LED1[5]       ; 4.487 ; 4.487 ; 4.487 ; 4.487 ;
; adr[4]     ; LED1[6]       ; 4.781 ; 4.593 ; 4.593 ; 4.781 ;
; adr[4]     ; LED2[0]       ; 4.661 ; 4.661 ; 4.661 ; 4.661 ;
; adr[4]     ; LED2[1]       ; 4.747 ; 4.747 ; 4.747 ; 4.747 ;
; adr[4]     ; LED2[2]       ; 4.748 ; 4.748 ; 4.748 ; 4.748 ;
; adr[4]     ; LED2[3]       ; 4.758 ; 4.758 ; 4.758 ; 4.758 ;
; adr[4]     ; LED2[4]       ; 4.762 ; 4.762 ; 4.762 ; 4.762 ;
; adr[4]     ; LED2[5]       ; 4.795 ; 4.795 ; 4.795 ; 4.795 ;
; adr[4]     ; LED2[6]       ; 4.793 ; 4.793 ; 4.793 ; 4.793 ;
; adr[4]     ; value_test[0] ; 4.239 ; 4.364 ; 4.364 ; 4.239 ;
; adr[4]     ; value_test[1] ; 4.141 ; 4.155 ; 4.155 ; 4.141 ;
; adr[4]     ; value_test[2] ; 4.114 ; 4.152 ; 4.152 ; 4.114 ;
; adr[4]     ; value_test[3] ; 4.258 ; 4.135 ; 4.135 ; 4.258 ;
; adr[4]     ; value_test[4] ; 4.105 ; 4.405 ; 4.405 ; 4.105 ;
; adr[4]     ; value_test[5] ; 3.980 ; 3.978 ; 3.978 ; 3.980 ;
; adr[5]     ; LED1[0]       ; 5.100 ; 5.100 ; 5.100 ; 5.100 ;
; adr[5]     ; LED1[2]       ; 5.085 ; 5.085 ; 5.085 ; 5.085 ;
; adr[5]     ; LED1[3]       ; 5.118 ; 5.118 ; 5.118 ; 5.118 ;
; adr[5]     ; LED1[4]       ; 4.713 ; 4.713 ; 4.713 ; 4.713 ;
; adr[5]     ; LED1[5]       ; 4.873 ; 4.873 ; 4.873 ; 4.873 ;
; adr[5]     ; LED1[6]       ; 4.952 ; 4.952 ; 4.952 ; 4.952 ;
; adr[5]     ; LED2[0]       ; 5.336 ; 5.336 ; 5.336 ; 5.336 ;
; adr[5]     ; LED2[1]       ; 5.422 ; 5.422 ; 5.422 ; 5.422 ;
; adr[5]     ; LED2[2]       ; 5.423 ; 5.423 ; 5.423 ; 5.423 ;
; adr[5]     ; LED2[3]       ; 5.433 ; 5.433 ; 5.433 ; 5.433 ;
; adr[5]     ; LED2[4]       ; 5.437 ; 5.437 ; 5.437 ; 5.437 ;
; adr[5]     ; LED2[5]       ; 5.470 ; 5.470 ; 5.470 ; 5.470 ;
; adr[5]     ; LED2[6]       ; 5.468 ; 5.468 ; 5.468 ; 5.468 ;
; adr[5]     ; value_test[0] ; 4.433 ; 4.433 ; 4.433 ; 4.433 ;
; adr[5]     ; value_test[1] ; 4.410 ; 4.410 ; 4.410 ; 4.410 ;
; adr[5]     ; value_test[2] ; 4.930 ; 4.789 ; 4.789 ; 4.930 ;
; adr[5]     ; value_test[3] ; 4.648 ; 4.648 ; 4.648 ; 4.648 ;
; adr[5]     ; value_test[4] ; 5.210 ; 4.571 ; 4.571 ; 5.210 ;
; adr[5]     ; value_test[5] ; 4.149 ; 4.149 ; 4.149 ; 4.149 ;
+------------+---------------+-------+-------+-------+-------+


-------------------
; Clock Transfers ;
-------------------
Nothing to report.


---------------
; Report TCCS ;
---------------
No dedicated SERDES Transmitter circuitry present in device or used in design


---------------
; Report RSKM ;
---------------
No dedicated SERDES Receiver circuitry present in device or used in design


+------------------------------------------------+
; Unconstrained Paths                            ;
+---------------------------------+-------+------+
; Property                        ; Setup ; Hold ;
+---------------------------------+-------+------+
; Illegal Clocks                  ; 0     ; 0    ;
; Unconstrained Clocks            ; 1     ; 1    ;
; Unconstrained Input Ports       ; 10    ; 10   ;
; Unconstrained Input Port Paths  ; 250   ; 250  ;
; Unconstrained Output Ports      ; 28    ; 28   ;
; Unconstrained Output Port Paths ; 4501  ; 4501 ;
+---------------------------------+-------+------+


+------------------------------------+
; TimeQuest Timing Analyzer Messages ;
+------------------------------------+
Warning (125092): Tcl Script File lpm_constant42.qip not found
    Info (125063): set_global_assignment -name QIP_FILE lpm_constant42.qip
Info: *******************************************************************
Info: Running Quartus II 64-Bit TimeQuest Timing Analyzer
    Info: Version 13.0.0 Build 156 04/24/2013 SJ Web Edition
    Info: Processing started: Fri Nov 10 15:31:40 2017
Info: Command: quartus_sta g07_lab3 -c g07_lab3
Info: qsta_default_script.tcl version: #1
Info (11104): Parallel Compilation has detected 4 hyper-threaded processors. However, the extra hyper-threaded processors will not be used by default. Parallel Compilation will use 2 of the 2 physical processors detected instead.
Info (21077): Low junction temperature is 0 degrees C
Info (21077): High junction temperature is 85 degrees C
Info (332164): Evaluating HDL-embedded SDC commands
    Info (332165): Entity sld_jtag_hub
        Info (332166): create_clock -name altera_reserved_tck [get_ports {altera_reserved_tck}] -period 10MHz   
        Info (332166): set_clock_groups -asynchronous -group {altera_reserved_tck}
Critical Warning (332012): Synopsys Design Constraints File file not found: 'g07_lab3.sdc'. A Synopsys Design Constraints File is required by the TimeQuest Timing Analyzer to get proper timing constraints. Without it, the Compiler will not properly optimize the design.
Warning (332060): Node: clk was determined to be a clock but was found without an associated clock assignment.
Info: Found TIMEQUEST_REPORT_SCRIPT_INCLUDE_DEFAULT_ANALYSIS = ON
Info: Analyzing Slow Model
Info (332140): No fmax paths to report
Info (332140): No Setup paths to report
Info (332140): No Hold paths to report
Info (332140): No Recovery paths to report
Info (332140): No Removal paths to report
Info (332146): Worst-case minimum pulse width slack is 97.531
    Info (332119):     Slack End Point TNS Clock 
    Info (332119): ========= ============= =====================
    Info (332119):    97.531         0.000 altera_reserved_tck 
Info (332001): The selected device family is not supported by the report_metastability command.
Info: Analyzing Fast Model
Warning (332060): Node: clk was determined to be a clock but was found without an associated clock assignment.
Info (332140): No Setup paths to report
Info (332140): No Hold paths to report
Info (332140): No Recovery paths to report
Info (332140): No Removal paths to report
Info (332146): Worst-case minimum pulse width slack is 97.778
    Info (332119):     Slack End Point TNS Clock 
    Info (332119): ========= ============= =====================
    Info (332119):    97.778         0.000 altera_reserved_tck 
Info (332001): The selected device family is not supported by the report_metastability command.
Info (332102): Design is not fully constrained for setup requirements
Info (332102): Design is not fully constrained for hold requirements
Info: Quartus II 64-Bit TimeQuest Timing Analyzer was successful. 0 errors, 4 warnings
    Info: Peak virtual memory: 488 megabytes
    Info: Processing ended: Fri Nov 10 15:31:42 2017
    Info: Elapsed time: 00:00:02
    Info: Total CPU time (on all processors): 00:00:02


