TimeQuest Timing Analyzer report for g07_lab3
Tue Oct 31 18:17:05 2017
Quartus II 64-Bit Version 13.0.1 Build 232 06/12/2013 Service Pack 1 SJ Web Edition


---------------------
; Table of Contents ;
---------------------
  1. Legal Notice
  2. TimeQuest Timing Analyzer Summary
  3. Parallel Compilation
  4. Clocks
  5. Slow Model Fmax Summary
  6. Slow Model Setup Summary
  7. Slow Model Hold Summary
  8. Slow Model Recovery Summary
  9. Slow Model Removal Summary
 10. Slow Model Minimum Pulse Width Summary
 11. Slow Model Minimum Pulse Width: 'altera_reserved_tck'
 12. Propagation Delay
 13. Minimum Propagation Delay
 14. Fast Model Setup Summary
 15. Fast Model Hold Summary
 16. Fast Model Recovery Summary
 17. Fast Model Removal Summary
 18. Fast Model Minimum Pulse Width Summary
 19. Fast Model Minimum Pulse Width: 'altera_reserved_tck'
 20. Propagation Delay
 21. Minimum Propagation Delay
 22. Multicorner Timing Analysis Summary
 23. Progagation Delay
 24. Minimum Progagation Delay
 25. Clock Transfers
 26. Report TCCS
 27. Report RSKM
 28. Unconstrained Paths
 29. TimeQuest Timing Analyzer Messages



----------------
; Legal Notice ;
----------------
Copyright (C) 1991-2013 Altera Corporation
Your use of Altera Corporation's design tools, logic functions 
and other software and tools, and its AMPP partner logic 
functions, and any output files from any of the foregoing 
(including device programming or simulation files), and any 
associated documentation or information are expressly subject 
to the terms and conditions of the Altera Program License 
Subscription Agreement, Altera MegaCore Function License 
Agreement, or other applicable license agreement, including, 
without limitation, that your use is for the sole purpose of 
programming logic devices manufactured by Altera and sold by 
Altera or its authorized distributors.  Please refer to the 
applicable agreement for further details.



+----------------------------------------------------------------------------------------+
; TimeQuest Timing Analyzer Summary                                                      ;
+--------------------+-------------------------------------------------------------------+
; Quartus II Version ; Version 13.0.1 Build 232 06/12/2013 Service Pack 1 SJ Web Edition ;
; Revision Name      ; g07_lab3                                                          ;
; Device Family      ; Cyclone II                                                        ;
; Device Name        ; EP2C20F484C7                                                      ;
; Timing Models      ; Final                                                             ;
; Delay Model        ; Combined                                                          ;
; Rise/Fall Delays   ; Unavailable                                                       ;
+--------------------+-------------------------------------------------------------------+


+------------------------------------------+
; Parallel Compilation                     ;
+----------------------------+-------------+
; Processors                 ; Number      ;
+----------------------------+-------------+
; Number detected on machine ; 4           ;
; Maximum allowed            ; 2           ;
;                            ;             ;
; Average used               ; 1.00        ;
; Maximum used               ; 1           ;
;                            ;             ;
; Usage by Processor         ; % Time Used ;
;     Processor 1            ; 100.0%      ;
;     Processors 2-4         ;   0.0%      ;
+----------------------------+-------------+


+-----------------------------------------------------------------------------------------------------------------------------------------------------------------------------------------------------------+
; Clocks                                                                                                                                                                                                    ;
+---------------------+------+---------+-----------+-------+--------+------------+-----------+-------------+-------+--------+-----------+------------+----------+--------+--------+-------------------------+
; Clock Name          ; Type ; Period  ; Frequency ; Rise  ; Fall   ; Duty Cycle ; Divide by ; Multiply by ; Phase ; Offset ; Edge List ; Edge Shift ; Inverted ; Master ; Source ; Targets                 ;
+---------------------+------+---------+-----------+-------+--------+------------+-----------+-------------+-------+--------+-----------+------------+----------+--------+--------+-------------------------+
; altera_reserved_tck ; Base ; 100.000 ; 10.0 MHz  ; 0.000 ; 50.000 ;            ;           ;             ;       ;        ;           ;            ;          ;        ;        ; { altera_reserved_tck } ;
+---------------------+------+---------+-----------+-------+--------+------------+-----------+-------------+-------+--------+-----------+------------+----------+--------+--------+-------------------------+


---------------------------
; Slow Model Fmax Summary ;
---------------------------
No paths to report.


----------------------------
; Slow Model Setup Summary ;
----------------------------
No paths to report.


---------------------------
; Slow Model Hold Summary ;
---------------------------
No paths to report.


-------------------------------
; Slow Model Recovery Summary ;
-------------------------------
No paths to report.


------------------------------
; Slow Model Removal Summary ;
------------------------------
No paths to report.


+----------------------------------------------+
; Slow Model Minimum Pulse Width Summary       ;
+---------------------+--------+---------------+
; Clock               ; Slack  ; End Point TNS ;
+---------------------+--------+---------------+
; altera_reserved_tck ; 97.531 ; 0.000         ;
+---------------------+--------+---------------+


+-------------------------------------------------------------------------------------------------------------+
; Slow Model Minimum Pulse Width: 'altera_reserved_tck'                                                       ;
+--------+--------------+----------------+-----------+---------------------+------------+---------------------+
; Slack  ; Actual Width ; Required Width ; Type      ; Clock               ; Clock Edge ; Target              ;
+--------+--------------+----------------+-----------+---------------------+------------+---------------------+
; 97.531 ; 100.000      ; 2.469          ; Port Rate ; altera_reserved_tck ; Rise       ; altera_reserved_tck ;
+--------+--------------+----------------+-----------+---------------------+------------+---------------------+


+----------------------------------------------------------------+
; Propagation Delay                                              ;
+------------+---------------+--------+--------+--------+--------+
; Input Port ; Output Port   ; RR     ; RF     ; FR     ; FF     ;
+------------+---------------+--------+--------+--------+--------+
; adr[0]     ; LED1[0]       ; 22.978 ; 22.978 ; 22.978 ; 22.978 ;
; adr[0]     ; LED1[2]       ; 22.682 ; 22.682 ; 22.682 ; 22.682 ;
; adr[0]     ; LED1[3]       ; 22.689 ; 22.689 ; 22.689 ; 22.689 ;
; adr[0]     ; LED1[4]       ; 22.713 ; 22.713 ; 22.713 ; 22.713 ;
; adr[0]     ; LED1[5]       ; 22.783 ; 22.783 ; 22.783 ; 22.783 ;
; adr[0]     ; LED1[6]       ; 22.599 ; 22.599 ; 22.599 ; 22.599 ;
; adr[0]     ; LED2[0]       ; 25.848 ; 25.848 ; 25.848 ; 25.848 ;
; adr[0]     ; LED2[1]       ; 25.500 ; 25.500 ; 25.500 ; 25.500 ;
; adr[0]     ; LED2[2]       ; 25.501 ; 25.501 ; 25.501 ; 25.501 ;
; adr[0]     ; LED2[3]       ; 25.511 ; 25.511 ; 25.511 ; 25.511 ;
; adr[0]     ; LED2[4]       ; 25.516 ; 25.516 ; 25.516 ; 25.516 ;
; adr[0]     ; LED2[5]       ; 25.874 ; 25.874 ; 25.874 ; 25.874 ;
; adr[0]     ; LED2[6]       ; 25.752 ; 25.752 ; 25.752 ; 25.752 ;
; adr[0]     ; value_test[0] ; 14.315 ; 14.315 ; 14.315 ; 14.315 ;
; adr[0]     ; value_test[1] ; 14.980 ; 14.980 ; 14.980 ; 14.980 ;
; adr[0]     ; value_test[2] ; 14.173 ; 14.173 ; 14.173 ; 14.173 ;
; adr[0]     ; value_test[3] ; 13.090 ; 13.090 ; 13.090 ; 13.090 ;
; adr[0]     ; value_test[4] ; 14.883 ; 14.883 ; 14.883 ; 14.883 ;
; adr[0]     ; value_test[5] ; 15.080 ; 15.080 ; 15.080 ; 15.080 ;
; adr[1]     ; LED1[0]       ; 23.561 ; 23.561 ; 23.561 ; 23.561 ;
; adr[1]     ; LED1[2]       ; 23.265 ; 23.265 ; 23.265 ; 23.265 ;
; adr[1]     ; LED1[3]       ; 23.272 ; 23.272 ; 23.272 ; 23.272 ;
; adr[1]     ; LED1[4]       ; 23.296 ; 23.296 ; 23.296 ; 23.296 ;
; adr[1]     ; LED1[5]       ; 23.366 ; 23.366 ; 23.366 ; 23.366 ;
; adr[1]     ; LED1[6]       ; 23.182 ; 23.182 ; 23.182 ; 23.182 ;
; adr[1]     ; LED2[0]       ; 26.431 ; 26.431 ; 26.431 ; 26.431 ;
; adr[1]     ; LED2[1]       ; 26.083 ; 26.083 ; 26.083 ; 26.083 ;
; adr[1]     ; LED2[2]       ; 26.084 ; 26.084 ; 26.084 ; 26.084 ;
; adr[1]     ; LED2[3]       ; 26.094 ; 26.094 ; 26.094 ; 26.094 ;
; adr[1]     ; LED2[4]       ; 26.099 ; 26.099 ; 26.099 ; 26.099 ;
; adr[1]     ; LED2[5]       ; 26.457 ; 26.457 ; 26.457 ; 26.457 ;
; adr[1]     ; LED2[6]       ; 26.335 ; 26.335 ; 26.335 ; 26.335 ;
; adr[1]     ; value_test[0] ; 14.906 ; 14.906 ; 14.906 ; 14.906 ;
; adr[1]     ; value_test[1] ; 15.164 ; 15.164 ; 15.164 ; 15.164 ;
; adr[1]     ; value_test[2] ; 14.626 ; 14.626 ; 14.626 ; 14.626 ;
; adr[1]     ; value_test[3] ; 13.533 ; 13.533 ; 13.533 ; 13.533 ;
; adr[1]     ; value_test[4] ; 15.093 ; 15.093 ; 15.093 ; 15.093 ;
; adr[1]     ; value_test[5] ; 15.931 ; 15.931 ; 15.931 ; 15.931 ;
; adr[2]     ; LED1[0]       ; 22.720 ; 22.720 ; 22.720 ; 22.720 ;
; adr[2]     ; LED1[2]       ; 22.424 ; 22.424 ; 22.424 ; 22.424 ;
; adr[2]     ; LED1[3]       ; 22.431 ; 22.431 ; 22.431 ; 22.431 ;
; adr[2]     ; LED1[4]       ; 22.455 ; 22.455 ; 22.455 ; 22.455 ;
; adr[2]     ; LED1[5]       ; 22.525 ; 22.525 ; 22.525 ; 22.525 ;
; adr[2]     ; LED1[6]       ; 22.128 ; 22.341 ; 22.341 ; 22.128 ;
; adr[2]     ; LED2[0]       ; 25.590 ; 25.590 ; 25.590 ; 25.590 ;
; adr[2]     ; LED2[1]       ; 25.242 ; 25.242 ; 25.242 ; 25.242 ;
; adr[2]     ; LED2[2]       ; 25.243 ; 25.243 ; 25.243 ; 25.243 ;
; adr[2]     ; LED2[3]       ; 25.253 ; 25.253 ; 25.253 ; 25.253 ;
; adr[2]     ; LED2[4]       ; 25.258 ; 25.258 ; 25.258 ; 25.258 ;
; adr[2]     ; LED2[5]       ; 25.616 ; 25.616 ; 25.616 ; 25.616 ;
; adr[2]     ; LED2[6]       ; 25.494 ; 25.494 ; 25.494 ; 25.494 ;
; adr[2]     ; value_test[0] ; 13.273 ; 13.273 ; 13.273 ; 13.273 ;
; adr[2]     ; value_test[1] ; 13.531 ; 12.958 ; 12.958 ; 13.531 ;
; adr[2]     ; value_test[2] ; 13.368 ; 13.772 ; 13.772 ; 13.368 ;
; adr[2]     ; value_test[3] ; 13.247 ; 12.866 ; 12.866 ; 13.247 ;
; adr[2]     ; value_test[4] ; 13.470 ; 13.470 ; 13.470 ; 13.470 ;
; adr[2]     ; value_test[5] ; 14.314 ; 14.314 ; 14.314 ; 14.314 ;
; adr[3]     ; LED1[0]       ; 20.834 ; 20.834 ; 20.834 ; 20.834 ;
; adr[3]     ; LED1[2]       ; 20.538 ; 20.538 ; 20.538 ; 20.538 ;
; adr[3]     ; LED1[3]       ; 20.545 ; 20.545 ; 20.545 ; 20.545 ;
; adr[3]     ; LED1[4]       ; 20.569 ; 20.569 ; 20.569 ; 20.569 ;
; adr[3]     ; LED1[5]       ; 20.639 ; 20.639 ; 20.639 ; 20.639 ;
; adr[3]     ; LED1[6]       ; 20.455 ; 20.455 ; 20.455 ; 20.455 ;
; adr[3]     ; LED2[0]       ; 23.704 ; 23.704 ; 23.704 ; 23.704 ;
; adr[3]     ; LED2[1]       ; 23.356 ; 23.356 ; 23.356 ; 23.356 ;
; adr[3]     ; LED2[2]       ; 23.357 ; 23.357 ; 23.357 ; 23.357 ;
; adr[3]     ; LED2[3]       ; 23.367 ; 23.367 ; 23.367 ; 23.367 ;
; adr[3]     ; LED2[4]       ; 23.372 ; 23.372 ; 23.372 ; 23.372 ;
; adr[3]     ; LED2[5]       ; 23.730 ; 23.730 ; 23.730 ; 23.730 ;
; adr[3]     ; LED2[6]       ; 23.608 ; 23.608 ; 23.608 ; 23.608 ;
; adr[3]     ; value_test[0] ; 11.509 ; 11.509 ; 11.509 ; 11.509 ;
; adr[3]     ; value_test[1] ; 11.827 ; 11.827 ; 11.827 ; 11.827 ;
; adr[3]     ; value_test[2] ; 11.018 ; 11.018 ; 11.018 ; 11.018 ;
; adr[3]     ; value_test[3] ; 11.361 ; 11.361 ; 11.361 ; 11.361 ;
; adr[3]     ; value_test[4] ; 12.327 ; 12.327 ; 12.327 ; 12.327 ;
; adr[3]     ; value_test[5] ; 13.430 ; 13.430 ; 13.430 ; 13.430 ;
; adr[4]     ; LED1[0]       ; 20.920 ; 20.920 ; 20.920 ; 20.920 ;
; adr[4]     ; LED1[2]       ; 20.624 ; 20.624 ; 20.624 ; 20.624 ;
; adr[4]     ; LED1[3]       ; 20.631 ; 20.631 ; 20.631 ; 20.631 ;
; adr[4]     ; LED1[4]       ; 20.655 ; 20.655 ; 20.655 ; 20.655 ;
; adr[4]     ; LED1[5]       ; 20.725 ; 20.725 ; 20.725 ; 20.725 ;
; adr[4]     ; LED1[6]       ; 20.541 ; 19.376 ; 19.376 ; 20.541 ;
; adr[4]     ; LED2[0]       ; 23.790 ; 23.790 ; 23.790 ; 23.790 ;
; adr[4]     ; LED2[1]       ; 23.442 ; 23.442 ; 23.442 ; 23.442 ;
; adr[4]     ; LED2[2]       ; 23.443 ; 23.443 ; 23.443 ; 23.443 ;
; adr[4]     ; LED2[3]       ; 23.453 ; 23.453 ; 23.453 ; 23.453 ;
; adr[4]     ; LED2[4]       ; 23.458 ; 23.458 ; 23.458 ; 23.458 ;
; adr[4]     ; LED2[5]       ; 23.816 ; 23.816 ; 23.816 ; 23.816 ;
; adr[4]     ; LED2[6]       ; 23.694 ; 23.694 ; 23.694 ; 23.694 ;
; adr[4]     ; value_test[0] ; 10.974 ; 10.974 ; 10.974 ; 10.974 ;
; adr[4]     ; value_test[1] ; 11.264 ; 11.808 ; 11.808 ; 11.264 ;
; adr[4]     ; value_test[2] ; 10.461 ; 12.185 ; 12.185 ; 10.461 ;
; adr[4]     ; value_test[3] ; 10.282 ; 10.282 ; 10.282 ; 10.282 ;
; adr[4]     ; value_test[4] ; 11.786 ; 11.786 ; 11.786 ; 11.786 ;
; adr[4]     ; value_test[5] ; 11.082 ; 12.011 ; 12.011 ; 11.082 ;
; adr[5]     ; LED1[0]       ; 20.996 ; 20.996 ; 20.996 ; 20.996 ;
; adr[5]     ; LED1[2]       ; 20.700 ; 20.700 ; 20.700 ; 20.700 ;
; adr[5]     ; LED1[3]       ; 20.707 ; 20.707 ; 20.707 ; 20.707 ;
; adr[5]     ; LED1[4]       ; 20.731 ; 20.731 ; 20.731 ; 20.731 ;
; adr[5]     ; LED1[5]       ; 20.801 ; 20.801 ; 20.801 ; 20.801 ;
; adr[5]     ; LED1[6]       ; 20.617 ; 19.640 ; 19.640 ; 20.617 ;
; adr[5]     ; LED2[0]       ; 23.866 ; 23.866 ; 23.866 ; 23.866 ;
; adr[5]     ; LED2[1]       ; 23.518 ; 23.518 ; 23.518 ; 23.518 ;
; adr[5]     ; LED2[2]       ; 23.519 ; 23.519 ; 23.519 ; 23.519 ;
; adr[5]     ; LED2[3]       ; 23.529 ; 23.529 ; 23.529 ; 23.529 ;
; adr[5]     ; LED2[4]       ; 23.534 ; 23.534 ; 23.534 ; 23.534 ;
; adr[5]     ; LED2[5]       ; 23.892 ; 23.892 ; 23.892 ; 23.892 ;
; adr[5]     ; LED2[6]       ; 23.770 ; 23.770 ; 23.770 ; 23.770 ;
; adr[5]     ; value_test[0] ; 11.364 ; 11.364 ; 11.364 ; 11.364 ;
; adr[5]     ; value_test[1] ; 11.293 ; 11.884 ; 11.884 ; 11.293 ;
; adr[5]     ; value_test[2] ; 10.890 ; 12.261 ; 12.261 ; 10.890 ;
; adr[5]     ; value_test[3] ; 10.474 ; 10.474 ; 10.474 ; 10.474 ;
; adr[5]     ; value_test[4] ; 11.986 ; 11.986 ; 11.986 ; 11.986 ;
; adr[5]     ; value_test[5] ; 11.092 ; 12.087 ; 12.087 ; 11.092 ;
+------------+---------------+--------+--------+--------+--------+


+----------------------------------------------------------------+
; Minimum Propagation Delay                                      ;
+------------+---------------+--------+--------+--------+--------+
; Input Port ; Output Port   ; RR     ; RF     ; FR     ; FF     ;
+------------+---------------+--------+--------+--------+--------+
; adr[0]     ; LED1[0]       ; 13.669 ; 13.669 ; 13.669 ; 13.669 ;
; adr[0]     ; LED1[2]       ; 13.367 ; 13.367 ; 13.367 ; 13.367 ;
; adr[0]     ; LED1[3]       ; 13.380 ; 13.380 ; 13.380 ; 13.380 ;
; adr[0]     ; LED1[4]       ; 13.399 ; 13.399 ; 13.399 ; 13.399 ;
; adr[0]     ; LED1[5]       ; 13.469 ; 13.469 ; 13.469 ; 13.469 ;
; adr[0]     ; LED1[6]       ; 13.292 ; 13.292 ; 13.292 ; 13.292 ;
; adr[0]     ; LED2[0]       ; 14.033 ; 14.033 ; 14.033 ; 14.033 ;
; adr[0]     ; LED2[1]       ; 13.685 ; 13.685 ; 13.685 ; 13.685 ;
; adr[0]     ; LED2[2]       ; 13.686 ; 13.686 ; 13.686 ; 13.686 ;
; adr[0]     ; LED2[3]       ; 13.696 ; 13.696 ; 13.696 ; 13.696 ;
; adr[0]     ; LED2[4]       ; 13.701 ; 13.701 ; 13.701 ; 13.701 ;
; adr[0]     ; LED2[5]       ; 14.059 ; 14.059 ; 14.059 ; 14.059 ;
; adr[0]     ; LED2[6]       ; 13.937 ; 13.937 ; 13.937 ; 13.937 ;
; adr[0]     ; value_test[0] ; 11.974 ; 11.952 ; 11.952 ; 11.974 ;
; adr[0]     ; value_test[1] ; 12.065 ; 12.065 ; 12.065 ; 12.065 ;
; adr[0]     ; value_test[2] ; 10.823 ; 10.823 ; 10.823 ; 10.823 ;
; adr[0]     ; value_test[3] ; 11.021 ; 10.971 ; 10.971 ; 11.021 ;
; adr[0]     ; value_test[4] ; 11.045 ; 11.045 ; 11.045 ; 11.045 ;
; adr[0]     ; value_test[5] ; 12.643 ; 12.643 ; 12.643 ; 12.643 ;
; adr[1]     ; LED1[0]       ; 13.682 ; 13.682 ; 13.682 ; 13.682 ;
; adr[1]     ; LED1[2]       ; 13.380 ; 13.380 ; 13.380 ; 13.380 ;
; adr[1]     ; LED1[3]       ; 13.393 ; 13.393 ; 13.393 ; 13.393 ;
; adr[1]     ; LED1[4]       ; 13.412 ; 13.412 ; 13.412 ; 13.412 ;
; adr[1]     ; LED1[5]       ; 13.482 ; 13.482 ; 13.482 ; 13.482 ;
; adr[1]     ; LED1[6]       ; 13.305 ; 13.305 ; 13.305 ; 13.305 ;
; adr[1]     ; LED2[0]       ; 14.124 ; 14.124 ; 14.124 ; 14.124 ;
; adr[1]     ; LED2[1]       ; 13.776 ; 13.776 ; 13.776 ; 13.776 ;
; adr[1]     ; LED2[2]       ; 13.777 ; 13.777 ; 13.777 ; 13.777 ;
; adr[1]     ; LED2[3]       ; 13.787 ; 13.787 ; 13.787 ; 13.787 ;
; adr[1]     ; LED2[4]       ; 13.792 ; 13.792 ; 13.792 ; 13.792 ;
; adr[1]     ; LED2[5]       ; 14.150 ; 14.150 ; 14.150 ; 14.150 ;
; adr[1]     ; LED2[6]       ; 14.028 ; 14.028 ; 14.028 ; 14.028 ;
; adr[1]     ; value_test[0] ; 11.808 ; 11.865 ; 11.865 ; 11.808 ;
; adr[1]     ; value_test[1] ; 12.086 ; 12.086 ; 12.086 ; 12.086 ;
; adr[1]     ; value_test[2] ; 10.914 ; 10.914 ; 10.914 ; 10.914 ;
; adr[1]     ; value_test[3] ; 10.359 ; 10.359 ; 10.359 ; 10.359 ;
; adr[1]     ; value_test[4] ; 11.273 ; 11.273 ; 11.273 ; 11.273 ;
; adr[1]     ; value_test[5] ; 12.656 ; 12.656 ; 12.656 ; 12.656 ;
; adr[2]     ; LED1[0]       ; 12.368 ; 12.368 ; 12.368 ; 12.368 ;
; adr[2]     ; LED1[2]       ; 12.065 ; 12.065 ; 12.065 ; 12.065 ;
; adr[2]     ; LED1[3]       ; 12.079 ; 12.079 ; 12.079 ; 12.079 ;
; adr[2]     ; LED1[4]       ; 12.100 ; 12.100 ; 12.100 ; 12.100 ;
; adr[2]     ; LED1[5]       ; 12.169 ; 12.169 ; 12.169 ; 12.169 ;
; adr[2]     ; LED1[6]       ; 11.995 ; 11.995 ; 11.995 ; 11.995 ;
; adr[2]     ; LED2[0]       ; 12.645 ; 12.645 ; 12.645 ; 12.645 ;
; adr[2]     ; LED2[1]       ; 12.266 ; 12.266 ; 12.266 ; 12.266 ;
; adr[2]     ; LED2[2]       ; 12.266 ; 12.266 ; 12.266 ; 12.266 ;
; adr[2]     ; LED2[3]       ; 12.278 ; 12.278 ; 12.278 ; 12.278 ;
; adr[2]     ; LED2[4]       ; 12.288 ; 12.288 ; 12.288 ; 12.288 ;
; adr[2]     ; LED2[5]       ; 12.648 ; 12.648 ; 12.648 ; 12.648 ;
; adr[2]     ; LED2[6]       ; 12.531 ; 12.531 ; 12.531 ; 12.531 ;
; adr[2]     ; value_test[0] ; 10.478 ; 9.759  ; 9.759  ; 10.478 ;
; adr[2]     ; value_test[1] ; 10.829 ; 9.887  ; 9.887  ; 10.829 ;
; adr[2]     ; value_test[2] ; 10.493 ; 9.911  ; 9.911  ; 10.493 ;
; adr[2]     ; value_test[3] ; 9.665  ; 8.735  ; 8.735  ; 9.665  ;
; adr[2]     ; value_test[4] ; 9.556  ; 9.556  ; 9.556  ; 9.556  ;
; adr[2]     ; value_test[5] ; 12.189 ; 11.621 ; 11.621 ; 12.189 ;
; adr[3]     ; LED1[0]       ; 12.012 ; 12.012 ; 12.012 ; 12.012 ;
; adr[3]     ; LED1[2]       ; 11.710 ; 11.710 ; 11.710 ; 11.710 ;
; adr[3]     ; LED1[3]       ; 11.723 ; 11.723 ; 11.723 ; 11.723 ;
; adr[3]     ; LED1[4]       ; 11.776 ; 11.742 ; 11.742 ; 11.776 ;
; adr[3]     ; LED1[5]       ; 11.812 ; 11.812 ; 11.812 ; 11.812 ;
; adr[3]     ; LED1[6]       ; 11.635 ; 11.662 ; 11.662 ; 11.635 ;
; adr[3]     ; LED2[0]       ; 12.766 ; 12.766 ; 12.766 ; 12.766 ;
; adr[3]     ; LED2[1]       ; 12.418 ; 12.418 ; 12.418 ; 12.418 ;
; adr[3]     ; LED2[2]       ; 12.419 ; 12.419 ; 12.419 ; 12.419 ;
; adr[3]     ; LED2[3]       ; 12.429 ; 12.429 ; 12.429 ; 12.429 ;
; adr[3]     ; LED2[4]       ; 12.434 ; 12.434 ; 12.434 ; 12.434 ;
; adr[3]     ; LED2[5]       ; 12.792 ; 12.792 ; 12.792 ; 12.792 ;
; adr[3]     ; LED2[6]       ; 12.670 ; 12.670 ; 12.670 ; 12.670 ;
; adr[3]     ; value_test[0] ; 9.905  ; 10.290 ; 10.290 ; 9.905  ;
; adr[3]     ; value_test[1] ; 10.374 ; 10.296 ; 10.296 ; 10.374 ;
; adr[3]     ; value_test[2] ; 9.793  ; 9.556  ; 9.556  ; 9.793  ;
; adr[3]     ; value_test[3] ; 9.050  ; 8.709  ; 8.709  ; 9.050  ;
; adr[3]     ; value_test[4] ; 10.183 ; 9.495  ; 9.495  ; 10.183 ;
; adr[3]     ; value_test[5] ; 11.189 ; 10.986 ; 10.986 ; 11.189 ;
; adr[4]     ; LED1[0]       ; 11.783 ; 11.783 ; 11.783 ; 11.783 ;
; adr[4]     ; LED1[2]       ; 11.481 ; 11.481 ; 11.481 ; 11.481 ;
; adr[4]     ; LED1[3]       ; 11.494 ; 11.494 ; 11.494 ; 11.494 ;
; adr[4]     ; LED1[4]       ; 11.682 ; 11.513 ; 11.513 ; 11.682 ;
; adr[4]     ; LED1[5]       ; 11.583 ; 11.583 ; 11.583 ; 11.583 ;
; adr[4]     ; LED1[6]       ; 11.406 ; 11.577 ; 11.577 ; 11.406 ;
; adr[4]     ; LED2[0]       ; 12.551 ; 12.551 ; 12.551 ; 12.551 ;
; adr[4]     ; LED2[1]       ; 12.203 ; 12.203 ; 12.203 ; 12.203 ;
; adr[4]     ; LED2[2]       ; 12.204 ; 12.204 ; 12.204 ; 12.204 ;
; adr[4]     ; LED2[3]       ; 12.214 ; 12.214 ; 12.214 ; 12.214 ;
; adr[4]     ; LED2[4]       ; 12.219 ; 12.219 ; 12.219 ; 12.219 ;
; adr[4]     ; LED2[5]       ; 12.577 ; 12.577 ; 12.577 ; 12.577 ;
; adr[4]     ; LED2[6]       ; 12.455 ; 12.455 ; 12.455 ; 12.455 ;
; adr[4]     ; value_test[0] ; 10.156 ; 10.195 ; 10.195 ; 10.156 ;
; adr[4]     ; value_test[1] ; 10.444 ; 10.003 ; 10.003 ; 10.444 ;
; adr[4]     ; value_test[2] ; 9.646  ; 9.341  ; 9.341  ; 9.646  ;
; adr[4]     ; value_test[3] ; 9.028  ; 8.481  ; 8.481  ; 9.028  ;
; adr[4]     ; value_test[4] ; 9.138  ; 10.260 ; 10.260 ; 9.138  ;
; adr[4]     ; value_test[5] ; 10.959 ; 10.757 ; 10.757 ; 10.959 ;
; adr[5]     ; LED1[0]       ; 12.118 ; 12.118 ; 12.118 ; 12.118 ;
; adr[5]     ; LED1[2]       ; 11.816 ; 11.816 ; 11.816 ; 11.816 ;
; adr[5]     ; LED1[3]       ; 11.829 ; 11.829 ; 11.829 ; 11.829 ;
; adr[5]     ; LED1[4]       ; 11.848 ; 11.848 ; 11.848 ; 11.848 ;
; adr[5]     ; LED1[5]       ; 11.918 ; 11.918 ; 11.918 ; 11.918 ;
; adr[5]     ; LED1[6]       ; 11.741 ; 11.741 ; 11.741 ; 11.741 ;
; adr[5]     ; LED2[0]       ; 13.672 ; 13.672 ; 13.672 ; 13.672 ;
; adr[5]     ; LED2[1]       ; 13.293 ; 13.293 ; 13.293 ; 13.293 ;
; adr[5]     ; LED2[2]       ; 13.293 ; 13.293 ; 13.293 ; 13.293 ;
; adr[5]     ; LED2[3]       ; 13.305 ; 13.305 ; 13.305 ; 13.305 ;
; adr[5]     ; LED2[4]       ; 13.315 ; 13.315 ; 13.315 ; 13.315 ;
; adr[5]     ; LED2[5]       ; 13.675 ; 13.675 ; 13.675 ; 13.675 ;
; adr[5]     ; LED2[6]       ; 13.558 ; 13.558 ; 13.558 ; 13.558 ;
; adr[5]     ; value_test[0] ; 10.702 ; 10.702 ; 10.702 ; 10.702 ;
; adr[5]     ; value_test[1] ; 10.914 ; 10.914 ; 10.914 ; 10.914 ;
; adr[5]     ; value_test[2] ; 10.491 ; 10.491 ; 10.491 ; 10.491 ;
; adr[5]     ; value_test[3] ; 10.168 ; 10.168 ; 10.168 ; 10.168 ;
; adr[5]     ; value_test[4] ; 11.243 ; 10.426 ; 10.426 ; 11.243 ;
; adr[5]     ; value_test[5] ; 11.092 ; 11.092 ; 11.092 ; 11.092 ;
+------------+---------------+--------+--------+--------+--------+


----------------------------
; Fast Model Setup Summary ;
----------------------------
No paths to report.


---------------------------
; Fast Model Hold Summary ;
---------------------------
No paths to report.


-------------------------------
; Fast Model Recovery Summary ;
-------------------------------
No paths to report.


------------------------------
; Fast Model Removal Summary ;
------------------------------
No paths to report.


+----------------------------------------------+
; Fast Model Minimum Pulse Width Summary       ;
+---------------------+--------+---------------+
; Clock               ; Slack  ; End Point TNS ;
+---------------------+--------+---------------+
; altera_reserved_tck ; 97.778 ; 0.000         ;
+---------------------+--------+---------------+


+-------------------------------------------------------------------------------------------------------------+
; Fast Model Minimum Pulse Width: 'altera_reserved_tck'                                                       ;
+--------+--------------+----------------+-----------+---------------------+------------+---------------------+
; Slack  ; Actual Width ; Required Width ; Type      ; Clock               ; Clock Edge ; Target              ;
+--------+--------------+----------------+-----------+---------------------+------------+---------------------+
; 97.778 ; 100.000      ; 2.222          ; Port Rate ; altera_reserved_tck ; Rise       ; altera_reserved_tck ;
+--------+--------------+----------------+-----------+---------------------+------------+---------------------+


+----------------------------------------------------------------+
; Propagation Delay                                              ;
+------------+---------------+--------+--------+--------+--------+
; Input Port ; Output Port   ; RR     ; RF     ; FR     ; FF     ;
+------------+---------------+--------+--------+--------+--------+
; adr[0]     ; LED1[0]       ; 9.340  ; 9.340  ; 9.340  ; 9.340  ;
; adr[0]     ; LED1[2]       ; 9.238  ; 9.238  ; 9.238  ; 9.238  ;
; adr[0]     ; LED1[3]       ; 9.251  ; 9.251  ; 9.251  ; 9.251  ;
; adr[0]     ; LED1[4]       ; 9.263  ; 9.263  ; 9.263  ; 9.263  ;
; adr[0]     ; LED1[5]       ; 9.303  ; 9.303  ; 9.303  ; 9.303  ;
; adr[0]     ; LED1[6]       ; 9.236  ; 9.236  ; 9.236  ; 9.236  ;
; adr[0]     ; LED2[0]       ; 10.381 ; 10.381 ; 10.381 ; 10.381 ;
; adr[0]     ; LED2[1]       ; 10.214 ; 10.214 ; 10.214 ; 10.214 ;
; adr[0]     ; LED2[2]       ; 10.216 ; 10.216 ; 10.216 ; 10.216 ;
; adr[0]     ; LED2[3]       ; 10.234 ; 10.234 ; 10.234 ; 10.234 ;
; adr[0]     ; LED2[4]       ; 10.232 ; 10.232 ; 10.232 ; 10.232 ;
; adr[0]     ; LED2[5]       ; 10.375 ; 10.375 ; 10.375 ; 10.375 ;
; adr[0]     ; LED2[6]       ; 10.324 ; 10.324 ; 10.324 ; 10.324 ;
; adr[0]     ; value_test[0] ; 6.180  ; 6.180  ; 6.180  ; 6.180  ;
; adr[0]     ; value_test[1] ; 6.305  ; 6.305  ; 6.305  ; 6.305  ;
; adr[0]     ; value_test[2] ; 6.124  ; 6.124  ; 6.124  ; 6.124  ;
; adr[0]     ; value_test[3] ; 5.670  ; 5.670  ; 5.670  ; 5.670  ;
; adr[0]     ; value_test[4] ; 6.327  ; 6.327  ; 6.327  ; 6.327  ;
; adr[0]     ; value_test[5] ; 6.597  ; 6.597  ; 6.597  ; 6.597  ;
; adr[1]     ; LED1[0]       ; 9.451  ; 9.451  ; 9.451  ; 9.451  ;
; adr[1]     ; LED1[2]       ; 9.349  ; 9.349  ; 9.349  ; 9.349  ;
; adr[1]     ; LED1[3]       ; 9.362  ; 9.362  ; 9.362  ; 9.362  ;
; adr[1]     ; LED1[4]       ; 9.374  ; 9.374  ; 9.374  ; 9.374  ;
; adr[1]     ; LED1[5]       ; 9.414  ; 9.414  ; 9.414  ; 9.414  ;
; adr[1]     ; LED1[6]       ; 9.347  ; 9.347  ; 9.347  ; 9.347  ;
; adr[1]     ; LED2[0]       ; 10.492 ; 10.492 ; 10.492 ; 10.492 ;
; adr[1]     ; LED2[1]       ; 10.325 ; 10.325 ; 10.325 ; 10.325 ;
; adr[1]     ; LED2[2]       ; 10.327 ; 10.327 ; 10.327 ; 10.327 ;
; adr[1]     ; LED2[3]       ; 10.345 ; 10.345 ; 10.345 ; 10.345 ;
; adr[1]     ; LED2[4]       ; 10.343 ; 10.343 ; 10.343 ; 10.343 ;
; adr[1]     ; LED2[5]       ; 10.486 ; 10.486 ; 10.486 ; 10.486 ;
; adr[1]     ; LED2[6]       ; 10.435 ; 10.435 ; 10.435 ; 10.435 ;
; adr[1]     ; value_test[0] ; 6.305  ; 6.305  ; 6.305  ; 6.305  ;
; adr[1]     ; value_test[1] ; 6.415  ; 6.415  ; 6.415  ; 6.415  ;
; adr[1]     ; value_test[2] ; 6.152  ; 6.152  ; 6.152  ; 6.152  ;
; adr[1]     ; value_test[3] ; 5.800  ; 5.800  ; 5.800  ; 5.800  ;
; adr[1]     ; value_test[4] ; 6.285  ; 6.285  ; 6.285  ; 6.285  ;
; adr[1]     ; value_test[5] ; 6.794  ; 6.794  ; 6.794  ; 6.794  ;
; adr[2]     ; LED1[0]       ; 9.145  ; 9.145  ; 9.145  ; 9.145  ;
; adr[2]     ; LED1[2]       ; 9.043  ; 9.043  ; 9.043  ; 9.043  ;
; adr[2]     ; LED1[3]       ; 9.056  ; 9.056  ; 9.056  ; 9.056  ;
; adr[2]     ; LED1[4]       ; 9.068  ; 9.068  ; 9.068  ; 9.068  ;
; adr[2]     ; LED1[5]       ; 9.108  ; 9.108  ; 9.108  ; 9.108  ;
; adr[2]     ; LED1[6]       ; 8.920  ; 9.041  ; 9.041  ; 8.920  ;
; adr[2]     ; LED2[0]       ; 10.186 ; 10.186 ; 10.186 ; 10.186 ;
; adr[2]     ; LED2[1]       ; 10.019 ; 10.019 ; 10.019 ; 10.019 ;
; adr[2]     ; LED2[2]       ; 10.021 ; 10.021 ; 10.021 ; 10.021 ;
; adr[2]     ; LED2[3]       ; 10.039 ; 10.039 ; 10.039 ; 10.039 ;
; adr[2]     ; LED2[4]       ; 10.037 ; 10.037 ; 10.037 ; 10.037 ;
; adr[2]     ; LED2[5]       ; 10.180 ; 10.180 ; 10.180 ; 10.180 ;
; adr[2]     ; LED2[6]       ; 10.129 ; 10.129 ; 10.129 ; 10.129 ;
; adr[2]     ; value_test[0] ; 5.684  ; 5.684  ; 5.684  ; 5.684  ;
; adr[2]     ; value_test[1] ; 5.749  ; 5.533  ; 5.533  ; 5.749  ;
; adr[2]     ; value_test[2] ; 5.627  ; 5.782  ; 5.782  ; 5.627  ;
; adr[2]     ; value_test[3] ; 5.658  ; 5.537  ; 5.537  ; 5.658  ;
; adr[2]     ; value_test[4] ; 5.717  ; 5.717  ; 5.717  ; 5.717  ;
; adr[2]     ; value_test[5] ; 6.202  ; 6.202  ; 6.202  ; 6.202  ;
; adr[3]     ; LED1[0]       ; 8.408  ; 8.408  ; 8.408  ; 8.408  ;
; adr[3]     ; LED1[2]       ; 8.306  ; 8.306  ; 8.306  ; 8.306  ;
; adr[3]     ; LED1[3]       ; 8.319  ; 8.319  ; 8.319  ; 8.319  ;
; adr[3]     ; LED1[4]       ; 8.331  ; 8.331  ; 8.331  ; 8.331  ;
; adr[3]     ; LED1[5]       ; 8.371  ; 8.371  ; 8.371  ; 8.371  ;
; adr[3]     ; LED1[6]       ; 8.304  ; 8.304  ; 8.304  ; 8.304  ;
; adr[3]     ; LED2[0]       ; 9.449  ; 9.449  ; 9.449  ; 9.449  ;
; adr[3]     ; LED2[1]       ; 9.282  ; 9.282  ; 9.282  ; 9.282  ;
; adr[3]     ; LED2[2]       ; 9.284  ; 9.284  ; 9.284  ; 9.284  ;
; adr[3]     ; LED2[3]       ; 9.302  ; 9.302  ; 9.302  ; 9.302  ;
; adr[3]     ; LED2[4]       ; 9.300  ; 9.300  ; 9.300  ; 9.300  ;
; adr[3]     ; LED2[5]       ; 9.443  ; 9.443  ; 9.443  ; 9.443  ;
; adr[3]     ; LED2[6]       ; 9.392  ; 9.392  ; 9.392  ; 9.392  ;
; adr[3]     ; value_test[0] ; 5.082  ; 5.082  ; 5.082  ; 5.082  ;
; adr[3]     ; value_test[1] ; 5.108  ; 5.108  ; 5.108  ; 5.108  ;
; adr[3]     ; value_test[2] ; 4.790  ; 4.790  ; 4.790  ; 4.790  ;
; adr[3]     ; value_test[3] ; 4.921  ; 4.921  ; 4.921  ; 4.921  ;
; adr[3]     ; value_test[4] ; 5.272  ; 5.272  ; 5.272  ; 5.272  ;
; adr[3]     ; value_test[5] ; 5.890  ; 5.890  ; 5.890  ; 5.890  ;
; adr[4]     ; LED1[0]       ; 8.477  ; 8.477  ; 8.477  ; 8.477  ;
; adr[4]     ; LED1[2]       ; 8.375  ; 8.375  ; 8.375  ; 8.375  ;
; adr[4]     ; LED1[3]       ; 8.388  ; 8.388  ; 8.388  ; 8.388  ;
; adr[4]     ; LED1[4]       ; 8.400  ; 8.400  ; 8.400  ; 8.400  ;
; adr[4]     ; LED1[5]       ; 8.440  ; 8.440  ; 8.440  ; 8.440  ;
; adr[4]     ; LED1[6]       ; 8.373  ; 7.927  ; 7.927  ; 8.373  ;
; adr[4]     ; LED2[0]       ; 9.518  ; 9.518  ; 9.518  ; 9.518  ;
; adr[4]     ; LED2[1]       ; 9.351  ; 9.351  ; 9.351  ; 9.351  ;
; adr[4]     ; LED2[2]       ; 9.353  ; 9.353  ; 9.353  ; 9.353  ;
; adr[4]     ; LED2[3]       ; 9.371  ; 9.371  ; 9.371  ; 9.371  ;
; adr[4]     ; LED2[4]       ; 9.369  ; 9.369  ; 9.369  ; 9.369  ;
; adr[4]     ; LED2[5]       ; 9.512  ; 9.512  ; 9.512  ; 9.512  ;
; adr[4]     ; LED2[6]       ; 9.461  ; 9.461  ; 9.461  ; 9.461  ;
; adr[4]     ; value_test[0] ; 4.885  ; 4.899  ; 4.899  ; 4.885  ;
; adr[4]     ; value_test[1] ; 4.896  ; 5.180  ; 5.180  ; 4.896  ;
; adr[4]     ; value_test[2] ; 4.584  ; 5.261  ; 5.261  ; 4.584  ;
; adr[4]     ; value_test[3] ; 4.531  ; 4.630  ; 4.630  ; 4.531  ;
; adr[4]     ; value_test[4] ; 5.068  ; 5.068  ; 5.068  ; 5.068  ;
; adr[4]     ; value_test[5] ; 5.015  ; 5.374  ; 5.374  ; 5.015  ;
; adr[5]     ; LED1[0]       ; 8.469  ; 8.469  ; 8.469  ; 8.469  ;
; adr[5]     ; LED1[2]       ; 8.367  ; 8.367  ; 8.367  ; 8.367  ;
; adr[5]     ; LED1[3]       ; 8.380  ; 8.380  ; 8.380  ; 8.380  ;
; adr[5]     ; LED1[4]       ; 8.392  ; 8.392  ; 8.392  ; 8.392  ;
; adr[5]     ; LED1[5]       ; 8.432  ; 8.432  ; 8.432  ; 8.432  ;
; adr[5]     ; LED1[6]       ; 8.365  ; 8.055  ; 8.055  ; 8.365  ;
; adr[5]     ; LED2[0]       ; 9.510  ; 9.510  ; 9.510  ; 9.510  ;
; adr[5]     ; LED2[1]       ; 9.343  ; 9.343  ; 9.343  ; 9.343  ;
; adr[5]     ; LED2[2]       ; 9.345  ; 9.345  ; 9.345  ; 9.345  ;
; adr[5]     ; LED2[3]       ; 9.363  ; 9.363  ; 9.363  ; 9.363  ;
; adr[5]     ; LED2[4]       ; 9.361  ; 9.361  ; 9.361  ; 9.361  ;
; adr[5]     ; LED2[5]       ; 9.504  ; 9.504  ; 9.504  ; 9.504  ;
; adr[5]     ; LED2[6]       ; 9.453  ; 9.453  ; 9.453  ; 9.453  ;
; adr[5]     ; value_test[0] ; 5.013  ; 5.013  ; 5.013  ; 5.013  ;
; adr[5]     ; value_test[1] ; 4.900  ; 5.172  ; 5.172  ; 4.900  ;
; adr[5]     ; value_test[2] ; 4.716  ; 5.253  ; 5.253  ; 4.716  ;
; adr[5]     ; value_test[3] ; 4.597  ; 4.622  ; 4.622  ; 4.597  ;
; adr[5]     ; value_test[4] ; 5.136  ; 5.136  ; 5.136  ; 5.136  ;
; adr[5]     ; value_test[5] ; 5.032  ; 5.366  ; 5.366  ; 5.032  ;
+------------+---------------+--------+--------+--------+--------+


+------------------------------------------------------------+
; Minimum Propagation Delay                                  ;
+------------+---------------+-------+-------+-------+-------+
; Input Port ; Output Port   ; RR    ; RF    ; FR    ; FF    ;
+------------+---------------+-------+-------+-------+-------+
; adr[0]     ; LED1[0]       ; 5.842 ; 5.842 ; 5.842 ; 5.842 ;
; adr[0]     ; LED1[2]       ; 5.737 ; 5.737 ; 5.737 ; 5.737 ;
; adr[0]     ; LED1[3]       ; 5.753 ; 5.753 ; 5.753 ; 5.753 ;
; adr[0]     ; LED1[4]       ; 5.765 ; 5.765 ; 5.765 ; 5.765 ;
; adr[0]     ; LED1[5]       ; 5.803 ; 5.803 ; 5.803 ; 5.803 ;
; adr[0]     ; LED1[6]       ; 5.744 ; 5.744 ; 5.744 ; 5.744 ;
; adr[0]     ; LED2[0]       ; 5.929 ; 5.929 ; 5.929 ; 5.929 ;
; adr[0]     ; LED2[1]       ; 5.762 ; 5.762 ; 5.762 ; 5.762 ;
; adr[0]     ; LED2[2]       ; 5.764 ; 5.764 ; 5.764 ; 5.764 ;
; adr[0]     ; LED2[3]       ; 5.782 ; 5.782 ; 5.782 ; 5.782 ;
; adr[0]     ; LED2[4]       ; 5.780 ; 5.780 ; 5.780 ; 5.780 ;
; adr[0]     ; LED2[5]       ; 5.923 ; 5.923 ; 5.923 ; 5.923 ;
; adr[0]     ; LED2[6]       ; 5.872 ; 5.872 ; 5.872 ; 5.872 ;
; adr[0]     ; value_test[0] ; 5.221 ; 5.221 ; 5.221 ; 5.221 ;
; adr[0]     ; value_test[1] ; 5.256 ; 5.256 ; 5.256 ; 5.256 ;
; adr[0]     ; value_test[2] ; 4.772 ; 4.772 ; 4.772 ; 4.772 ;
; adr[0]     ; value_test[3] ; 4.890 ; 4.890 ; 4.890 ; 4.890 ;
; adr[0]     ; value_test[4] ; 4.872 ; 4.872 ; 4.872 ; 4.872 ;
; adr[0]     ; value_test[5] ; 5.649 ; 5.649 ; 5.649 ; 5.649 ;
; adr[1]     ; LED1[0]       ; 5.765 ; 5.765 ; 5.765 ; 5.765 ;
; adr[1]     ; LED1[2]       ; 5.668 ; 5.668 ; 5.668 ; 5.668 ;
; adr[1]     ; LED1[3]       ; 5.676 ; 5.676 ; 5.676 ; 5.676 ;
; adr[1]     ; LED1[4]       ; 5.693 ; 5.693 ; 5.693 ; 5.693 ;
; adr[1]     ; LED1[5]       ; 5.733 ; 5.733 ; 5.733 ; 5.733 ;
; adr[1]     ; LED1[6]       ; 5.668 ; 5.668 ; 5.668 ; 5.668 ;
; adr[1]     ; LED2[0]       ; 5.921 ; 5.921 ; 5.921 ; 5.921 ;
; adr[1]     ; LED2[1]       ; 5.754 ; 5.754 ; 5.754 ; 5.754 ;
; adr[1]     ; LED2[2]       ; 5.756 ; 5.756 ; 5.756 ; 5.756 ;
; adr[1]     ; LED2[3]       ; 5.774 ; 5.774 ; 5.774 ; 5.774 ;
; adr[1]     ; LED2[4]       ; 5.772 ; 5.772 ; 5.772 ; 5.772 ;
; adr[1]     ; LED2[5]       ; 5.915 ; 5.915 ; 5.915 ; 5.915 ;
; adr[1]     ; LED2[6]       ; 5.864 ; 5.864 ; 5.864 ; 5.864 ;
; adr[1]     ; value_test[0] ; 5.140 ; 5.196 ; 5.196 ; 5.140 ;
; adr[1]     ; value_test[1] ; 5.238 ; 5.238 ; 5.238 ; 5.238 ;
; adr[1]     ; value_test[2] ; 4.764 ; 4.764 ; 4.764 ; 4.764 ;
; adr[1]     ; value_test[3] ; 4.612 ; 4.612 ; 4.612 ; 4.612 ;
; adr[1]     ; value_test[4] ; 4.877 ; 4.877 ; 4.877 ; 4.877 ;
; adr[1]     ; value_test[5] ; 5.570 ; 5.570 ; 5.570 ; 5.570 ;
; adr[2]     ; LED1[0]       ; 5.228 ; 5.228 ; 5.228 ; 5.228 ;
; adr[2]     ; LED1[2]       ; 5.123 ; 5.123 ; 5.123 ; 5.123 ;
; adr[2]     ; LED1[3]       ; 5.139 ; 5.139 ; 5.139 ; 5.139 ;
; adr[2]     ; LED1[4]       ; 5.151 ; 5.151 ; 5.151 ; 5.151 ;
; adr[2]     ; LED1[5]       ; 5.189 ; 5.189 ; 5.189 ; 5.189 ;
; adr[2]     ; LED1[6]       ; 5.130 ; 5.130 ; 5.130 ; 5.130 ;
; adr[2]     ; LED2[0]       ; 5.366 ; 5.366 ; 5.366 ; 5.366 ;
; adr[2]     ; LED2[1]       ; 5.201 ; 5.201 ; 5.201 ; 5.201 ;
; adr[2]     ; LED2[2]       ; 5.200 ; 5.200 ; 5.200 ; 5.200 ;
; adr[2]     ; LED2[3]       ; 5.211 ; 5.211 ; 5.211 ; 5.211 ;
; adr[2]     ; LED2[4]       ; 5.222 ; 5.222 ; 5.222 ; 5.222 ;
; adr[2]     ; LED2[5]       ; 5.368 ; 5.368 ; 5.368 ; 5.368 ;
; adr[2]     ; LED2[6]       ; 5.318 ; 5.318 ; 5.318 ; 5.318 ;
; adr[2]     ; value_test[0] ; 4.610 ; 4.400 ; 4.400 ; 4.610 ;
; adr[2]     ; value_test[1] ; 4.759 ; 4.429 ; 4.429 ; 4.759 ;
; adr[2]     ; value_test[2] ; 4.599 ; 4.407 ; 4.407 ; 4.599 ;
; adr[2]     ; value_test[3] ; 4.315 ; 3.979 ; 3.979 ; 4.315 ;
; adr[2]     ; value_test[4] ; 4.258 ; 4.258 ; 4.258 ; 4.258 ;
; adr[2]     ; value_test[5] ; 5.442 ; 5.221 ; 5.221 ; 5.442 ;
; adr[3]     ; LED1[0]       ; 5.096 ; 5.096 ; 5.096 ; 5.096 ;
; adr[3]     ; LED1[2]       ; 4.994 ; 4.994 ; 4.994 ; 4.994 ;
; adr[3]     ; LED1[3]       ; 5.007 ; 5.007 ; 5.007 ; 5.007 ;
; adr[3]     ; LED1[4]       ; 5.019 ; 5.019 ; 5.019 ; 5.019 ;
; adr[3]     ; LED1[5]       ; 5.059 ; 5.059 ; 5.059 ; 5.059 ;
; adr[3]     ; LED1[6]       ; 5.068 ; 4.992 ; 4.992 ; 5.068 ;
; adr[3]     ; LED2[0]       ; 5.403 ; 5.403 ; 5.403 ; 5.403 ;
; adr[3]     ; LED2[1]       ; 5.236 ; 5.236 ; 5.236 ; 5.236 ;
; adr[3]     ; LED2[2]       ; 5.238 ; 5.238 ; 5.238 ; 5.238 ;
; adr[3]     ; LED2[3]       ; 5.256 ; 5.256 ; 5.256 ; 5.256 ;
; adr[3]     ; LED2[4]       ; 5.254 ; 5.254 ; 5.254 ; 5.254 ;
; adr[3]     ; LED2[5]       ; 5.397 ; 5.397 ; 5.397 ; 5.397 ;
; adr[3]     ; LED2[6]       ; 5.346 ; 5.346 ; 5.346 ; 5.346 ;
; adr[3]     ; value_test[0] ; 4.505 ; 4.628 ; 4.628 ; 4.505 ;
; adr[3]     ; value_test[1] ; 4.599 ; 4.572 ; 4.572 ; 4.599 ;
; adr[3]     ; value_test[2] ; 4.336 ; 4.246 ; 4.246 ; 4.336 ;
; adr[3]     ; value_test[3] ; 4.087 ; 3.975 ; 3.975 ; 4.087 ;
; adr[3]     ; value_test[4] ; 4.500 ; 4.276 ; 4.276 ; 4.500 ;
; adr[3]     ; value_test[5] ; 5.043 ; 4.970 ; 4.970 ; 5.043 ;
; adr[4]     ; LED1[0]       ; 5.085 ; 5.085 ; 5.085 ; 5.085 ;
; adr[4]     ; LED1[2]       ; 4.988 ; 4.988 ; 4.988 ; 4.988 ;
; adr[4]     ; LED1[3]       ; 4.996 ; 4.996 ; 4.996 ; 4.996 ;
; adr[4]     ; LED1[4]       ; 5.029 ; 5.013 ; 5.013 ; 5.029 ;
; adr[4]     ; LED1[5]       ; 5.053 ; 5.053 ; 5.053 ; 5.053 ;
; adr[4]     ; LED1[6]       ; 4.988 ; 5.008 ; 5.008 ; 4.988 ;
; adr[4]     ; LED2[0]       ; 5.331 ; 5.331 ; 5.331 ; 5.331 ;
; adr[4]     ; LED2[1]       ; 5.164 ; 5.164 ; 5.164 ; 5.164 ;
; adr[4]     ; LED2[2]       ; 5.166 ; 5.166 ; 5.166 ; 5.166 ;
; adr[4]     ; LED2[3]       ; 5.184 ; 5.184 ; 5.184 ; 5.184 ;
; adr[4]     ; LED2[4]       ; 5.182 ; 5.182 ; 5.182 ; 5.182 ;
; adr[4]     ; LED2[5]       ; 5.325 ; 5.325 ; 5.325 ; 5.325 ;
; adr[4]     ; LED2[6]       ; 5.274 ; 5.274 ; 5.274 ; 5.274 ;
; adr[4]     ; value_test[0] ; 4.580 ; 4.585 ; 4.585 ; 4.580 ;
; adr[4]     ; value_test[1] ; 4.618 ; 4.459 ; 4.459 ; 4.618 ;
; adr[4]     ; value_test[2] ; 4.309 ; 4.174 ; 4.174 ; 4.309 ;
; adr[4]     ; value_test[3] ; 4.092 ; 3.895 ; 3.895 ; 4.092 ;
; adr[4]     ; value_test[4] ; 4.136 ; 4.536 ; 4.536 ; 4.136 ;
; adr[4]     ; value_test[5] ; 4.984 ; 4.890 ; 4.890 ; 4.984 ;
; adr[5]     ; LED1[0]       ; 5.227 ; 5.227 ; 5.227 ; 5.227 ;
; adr[5]     ; LED1[2]       ; 5.130 ; 5.130 ; 5.130 ; 5.130 ;
; adr[5]     ; LED1[3]       ; 5.138 ; 5.138 ; 5.138 ; 5.138 ;
; adr[5]     ; LED1[4]       ; 5.155 ; 5.155 ; 5.155 ; 5.155 ;
; adr[5]     ; LED1[5]       ; 5.195 ; 5.195 ; 5.195 ; 5.195 ;
; adr[5]     ; LED1[6]       ; 5.130 ; 5.130 ; 5.130 ; 5.130 ;
; adr[5]     ; LED2[0]       ; 5.711 ; 5.711 ; 5.711 ; 5.711 ;
; adr[5]     ; LED2[1]       ; 5.546 ; 5.546 ; 5.546 ; 5.546 ;
; adr[5]     ; LED2[2]       ; 5.545 ; 5.545 ; 5.545 ; 5.545 ;
; adr[5]     ; LED2[3]       ; 5.556 ; 5.556 ; 5.556 ; 5.556 ;
; adr[5]     ; LED2[4]       ; 5.567 ; 5.567 ; 5.567 ; 5.567 ;
; adr[5]     ; LED2[5]       ; 5.713 ; 5.713 ; 5.713 ; 5.713 ;
; adr[5]     ; LED2[6]       ; 5.663 ; 5.663 ; 5.663 ; 5.663 ;
; adr[5]     ; value_test[0] ; 4.803 ; 4.803 ; 4.803 ; 4.803 ;
; adr[5]     ; value_test[1] ; 4.774 ; 4.774 ; 4.774 ; 4.774 ;
; adr[5]     ; value_test[2] ; 4.588 ; 4.588 ; 4.588 ; 4.588 ;
; adr[5]     ; value_test[3] ; 4.509 ; 4.509 ; 4.509 ; 4.509 ;
; adr[5]     ; value_test[4] ; 4.915 ; 4.575 ; 4.575 ; 4.915 ;
; adr[5]     ; value_test[5] ; 5.032 ; 5.032 ; 5.032 ; 5.032 ;
+------------+---------------+-------+-------+-------+-------+


+--------------------------------------------------------------------------------+
; Multicorner Timing Analysis Summary                                            ;
+----------------------+-------+------+----------+---------+---------------------+
; Clock                ; Setup ; Hold ; Recovery ; Removal ; Minimum Pulse Width ;
+----------------------+-------+------+----------+---------+---------------------+
; Worst-case Slack     ; N/A   ; N/A  ; N/A      ; N/A     ; 97.531              ;
;  altera_reserved_tck ; N/A   ; N/A  ; N/A      ; N/A     ; 97.531              ;
; Design-wide TNS      ; 0.0   ; 0.0  ; 0.0      ; 0.0     ; 0.0                 ;
;  altera_reserved_tck ; N/A   ; N/A  ; N/A      ; N/A     ; 0.000               ;
+----------------------+-------+------+----------+---------+---------------------+


+----------------------------------------------------------------+
; Progagation Delay                                              ;
+------------+---------------+--------+--------+--------+--------+
; Input Port ; Output Port   ; RR     ; RF     ; FR     ; FF     ;
+------------+---------------+--------+--------+--------+--------+
; adr[0]     ; LED1[0]       ; 22.978 ; 22.978 ; 22.978 ; 22.978 ;
; adr[0]     ; LED1[2]       ; 22.682 ; 22.682 ; 22.682 ; 22.682 ;
; adr[0]     ; LED1[3]       ; 22.689 ; 22.689 ; 22.689 ; 22.689 ;
; adr[0]     ; LED1[4]       ; 22.713 ; 22.713 ; 22.713 ; 22.713 ;
; adr[0]     ; LED1[5]       ; 22.783 ; 22.783 ; 22.783 ; 22.783 ;
; adr[0]     ; LED1[6]       ; 22.599 ; 22.599 ; 22.599 ; 22.599 ;
; adr[0]     ; LED2[0]       ; 25.848 ; 25.848 ; 25.848 ; 25.848 ;
; adr[0]     ; LED2[1]       ; 25.500 ; 25.500 ; 25.500 ; 25.500 ;
; adr[0]     ; LED2[2]       ; 25.501 ; 25.501 ; 25.501 ; 25.501 ;
; adr[0]     ; LED2[3]       ; 25.511 ; 25.511 ; 25.511 ; 25.511 ;
; adr[0]     ; LED2[4]       ; 25.516 ; 25.516 ; 25.516 ; 25.516 ;
; adr[0]     ; LED2[5]       ; 25.874 ; 25.874 ; 25.874 ; 25.874 ;
; adr[0]     ; LED2[6]       ; 25.752 ; 25.752 ; 25.752 ; 25.752 ;
; adr[0]     ; value_test[0] ; 14.315 ; 14.315 ; 14.315 ; 14.315 ;
; adr[0]     ; value_test[1] ; 14.980 ; 14.980 ; 14.980 ; 14.980 ;
; adr[0]     ; value_test[2] ; 14.173 ; 14.173 ; 14.173 ; 14.173 ;
; adr[0]     ; value_test[3] ; 13.090 ; 13.090 ; 13.090 ; 13.090 ;
; adr[0]     ; value_test[4] ; 14.883 ; 14.883 ; 14.883 ; 14.883 ;
; adr[0]     ; value_test[5] ; 15.080 ; 15.080 ; 15.080 ; 15.080 ;
; adr[1]     ; LED1[0]       ; 23.561 ; 23.561 ; 23.561 ; 23.561 ;
; adr[1]     ; LED1[2]       ; 23.265 ; 23.265 ; 23.265 ; 23.265 ;
; adr[1]     ; LED1[3]       ; 23.272 ; 23.272 ; 23.272 ; 23.272 ;
; adr[1]     ; LED1[4]       ; 23.296 ; 23.296 ; 23.296 ; 23.296 ;
; adr[1]     ; LED1[5]       ; 23.366 ; 23.366 ; 23.366 ; 23.366 ;
; adr[1]     ; LED1[6]       ; 23.182 ; 23.182 ; 23.182 ; 23.182 ;
; adr[1]     ; LED2[0]       ; 26.431 ; 26.431 ; 26.431 ; 26.431 ;
; adr[1]     ; LED2[1]       ; 26.083 ; 26.083 ; 26.083 ; 26.083 ;
; adr[1]     ; LED2[2]       ; 26.084 ; 26.084 ; 26.084 ; 26.084 ;
; adr[1]     ; LED2[3]       ; 26.094 ; 26.094 ; 26.094 ; 26.094 ;
; adr[1]     ; LED2[4]       ; 26.099 ; 26.099 ; 26.099 ; 26.099 ;
; adr[1]     ; LED2[5]       ; 26.457 ; 26.457 ; 26.457 ; 26.457 ;
; adr[1]     ; LED2[6]       ; 26.335 ; 26.335 ; 26.335 ; 26.335 ;
; adr[1]     ; value_test[0] ; 14.906 ; 14.906 ; 14.906 ; 14.906 ;
; adr[1]     ; value_test[1] ; 15.164 ; 15.164 ; 15.164 ; 15.164 ;
; adr[1]     ; value_test[2] ; 14.626 ; 14.626 ; 14.626 ; 14.626 ;
; adr[1]     ; value_test[3] ; 13.533 ; 13.533 ; 13.533 ; 13.533 ;
; adr[1]     ; value_test[4] ; 15.093 ; 15.093 ; 15.093 ; 15.093 ;
; adr[1]     ; value_test[5] ; 15.931 ; 15.931 ; 15.931 ; 15.931 ;
; adr[2]     ; LED1[0]       ; 22.720 ; 22.720 ; 22.720 ; 22.720 ;
; adr[2]     ; LED1[2]       ; 22.424 ; 22.424 ; 22.424 ; 22.424 ;
; adr[2]     ; LED1[3]       ; 22.431 ; 22.431 ; 22.431 ; 22.431 ;
; adr[2]     ; LED1[4]       ; 22.455 ; 22.455 ; 22.455 ; 22.455 ;
; adr[2]     ; LED1[5]       ; 22.525 ; 22.525 ; 22.525 ; 22.525 ;
; adr[2]     ; LED1[6]       ; 22.128 ; 22.341 ; 22.341 ; 22.128 ;
; adr[2]     ; LED2[0]       ; 25.590 ; 25.590 ; 25.590 ; 25.590 ;
; adr[2]     ; LED2[1]       ; 25.242 ; 25.242 ; 25.242 ; 25.242 ;
; adr[2]     ; LED2[2]       ; 25.243 ; 25.243 ; 25.243 ; 25.243 ;
; adr[2]     ; LED2[3]       ; 25.253 ; 25.253 ; 25.253 ; 25.253 ;
; adr[2]     ; LED2[4]       ; 25.258 ; 25.258 ; 25.258 ; 25.258 ;
; adr[2]     ; LED2[5]       ; 25.616 ; 25.616 ; 25.616 ; 25.616 ;
; adr[2]     ; LED2[6]       ; 25.494 ; 25.494 ; 25.494 ; 25.494 ;
; adr[2]     ; value_test[0] ; 13.273 ; 13.273 ; 13.273 ; 13.273 ;
; adr[2]     ; value_test[1] ; 13.531 ; 12.958 ; 12.958 ; 13.531 ;
; adr[2]     ; value_test[2] ; 13.368 ; 13.772 ; 13.772 ; 13.368 ;
; adr[2]     ; value_test[3] ; 13.247 ; 12.866 ; 12.866 ; 13.247 ;
; adr[2]     ; value_test[4] ; 13.470 ; 13.470 ; 13.470 ; 13.470 ;
; adr[2]     ; value_test[5] ; 14.314 ; 14.314 ; 14.314 ; 14.314 ;
; adr[3]     ; LED1[0]       ; 20.834 ; 20.834 ; 20.834 ; 20.834 ;
; adr[3]     ; LED1[2]       ; 20.538 ; 20.538 ; 20.538 ; 20.538 ;
; adr[3]     ; LED1[3]       ; 20.545 ; 20.545 ; 20.545 ; 20.545 ;
; adr[3]     ; LED1[4]       ; 20.569 ; 20.569 ; 20.569 ; 20.569 ;
; adr[3]     ; LED1[5]       ; 20.639 ; 20.639 ; 20.639 ; 20.639 ;
; adr[3]     ; LED1[6]       ; 20.455 ; 20.455 ; 20.455 ; 20.455 ;
; adr[3]     ; LED2[0]       ; 23.704 ; 23.704 ; 23.704 ; 23.704 ;
; adr[3]     ; LED2[1]       ; 23.356 ; 23.356 ; 23.356 ; 23.356 ;
; adr[3]     ; LED2[2]       ; 23.357 ; 23.357 ; 23.357 ; 23.357 ;
; adr[3]     ; LED2[3]       ; 23.367 ; 23.367 ; 23.367 ; 23.367 ;
; adr[3]     ; LED2[4]       ; 23.372 ; 23.372 ; 23.372 ; 23.372 ;
; adr[3]     ; LED2[5]       ; 23.730 ; 23.730 ; 23.730 ; 23.730 ;
; adr[3]     ; LED2[6]       ; 23.608 ; 23.608 ; 23.608 ; 23.608 ;
; adr[3]     ; value_test[0] ; 11.509 ; 11.509 ; 11.509 ; 11.509 ;
; adr[3]     ; value_test[1] ; 11.827 ; 11.827 ; 11.827 ; 11.827 ;
; adr[3]     ; value_test[2] ; 11.018 ; 11.018 ; 11.018 ; 11.018 ;
; adr[3]     ; value_test[3] ; 11.361 ; 11.361 ; 11.361 ; 11.361 ;
; adr[3]     ; value_test[4] ; 12.327 ; 12.327 ; 12.327 ; 12.327 ;
; adr[3]     ; value_test[5] ; 13.430 ; 13.430 ; 13.430 ; 13.430 ;
; adr[4]     ; LED1[0]       ; 20.920 ; 20.920 ; 20.920 ; 20.920 ;
; adr[4]     ; LED1[2]       ; 20.624 ; 20.624 ; 20.624 ; 20.624 ;
; adr[4]     ; LED1[3]       ; 20.631 ; 20.631 ; 20.631 ; 20.631 ;
; adr[4]     ; LED1[4]       ; 20.655 ; 20.655 ; 20.655 ; 20.655 ;
; adr[4]     ; LED1[5]       ; 20.725 ; 20.725 ; 20.725 ; 20.725 ;
; adr[4]     ; LED1[6]       ; 20.541 ; 19.376 ; 19.376 ; 20.541 ;
; adr[4]     ; LED2[0]       ; 23.790 ; 23.790 ; 23.790 ; 23.790 ;
; adr[4]     ; LED2[1]       ; 23.442 ; 23.442 ; 23.442 ; 23.442 ;
; adr[4]     ; LED2[2]       ; 23.443 ; 23.443 ; 23.443 ; 23.443 ;
; adr[4]     ; LED2[3]       ; 23.453 ; 23.453 ; 23.453 ; 23.453 ;
; adr[4]     ; LED2[4]       ; 23.458 ; 23.458 ; 23.458 ; 23.458 ;
; adr[4]     ; LED2[5]       ; 23.816 ; 23.816 ; 23.816 ; 23.816 ;
; adr[4]     ; LED2[6]       ; 23.694 ; 23.694 ; 23.694 ; 23.694 ;
; adr[4]     ; value_test[0] ; 10.974 ; 10.974 ; 10.974 ; 10.974 ;
; adr[4]     ; value_test[1] ; 11.264 ; 11.808 ; 11.808 ; 11.264 ;
; adr[4]     ; value_test[2] ; 10.461 ; 12.185 ; 12.185 ; 10.461 ;
; adr[4]     ; value_test[3] ; 10.282 ; 10.282 ; 10.282 ; 10.282 ;
; adr[4]     ; value_test[4] ; 11.786 ; 11.786 ; 11.786 ; 11.786 ;
; adr[4]     ; value_test[5] ; 11.082 ; 12.011 ; 12.011 ; 11.082 ;
; adr[5]     ; LED1[0]       ; 20.996 ; 20.996 ; 20.996 ; 20.996 ;
; adr[5]     ; LED1[2]       ; 20.700 ; 20.700 ; 20.700 ; 20.700 ;
; adr[5]     ; LED1[3]       ; 20.707 ; 20.707 ; 20.707 ; 20.707 ;
; adr[5]     ; LED1[4]       ; 20.731 ; 20.731 ; 20.731 ; 20.731 ;
; adr[5]     ; LED1[5]       ; 20.801 ; 20.801 ; 20.801 ; 20.801 ;
; adr[5]     ; LED1[6]       ; 20.617 ; 19.640 ; 19.640 ; 20.617 ;
; adr[5]     ; LED2[0]       ; 23.866 ; 23.866 ; 23.866 ; 23.866 ;
; adr[5]     ; LED2[1]       ; 23.518 ; 23.518 ; 23.518 ; 23.518 ;
; adr[5]     ; LED2[2]       ; 23.519 ; 23.519 ; 23.519 ; 23.519 ;
; adr[5]     ; LED2[3]       ; 23.529 ; 23.529 ; 23.529 ; 23.529 ;
; adr[5]     ; LED2[4]       ; 23.534 ; 23.534 ; 23.534 ; 23.534 ;
; adr[5]     ; LED2[5]       ; 23.892 ; 23.892 ; 23.892 ; 23.892 ;
; adr[5]     ; LED2[6]       ; 23.770 ; 23.770 ; 23.770 ; 23.770 ;
; adr[5]     ; value_test[0] ; 11.364 ; 11.364 ; 11.364 ; 11.364 ;
; adr[5]     ; value_test[1] ; 11.293 ; 11.884 ; 11.884 ; 11.293 ;
; adr[5]     ; value_test[2] ; 10.890 ; 12.261 ; 12.261 ; 10.890 ;
; adr[5]     ; value_test[3] ; 10.474 ; 10.474 ; 10.474 ; 10.474 ;
; adr[5]     ; value_test[4] ; 11.986 ; 11.986 ; 11.986 ; 11.986 ;
; adr[5]     ; value_test[5] ; 11.092 ; 12.087 ; 12.087 ; 11.092 ;
+------------+---------------+--------+--------+--------+--------+


+------------------------------------------------------------+
; Minimum Progagation Delay                                  ;
+------------+---------------+-------+-------+-------+-------+
; Input Port ; Output Port   ; RR    ; RF    ; FR    ; FF    ;
+------------+---------------+-------+-------+-------+-------+
; adr[0]     ; LED1[0]       ; 5.842 ; 5.842 ; 5.842 ; 5.842 ;
; adr[0]     ; LED1[2]       ; 5.737 ; 5.737 ; 5.737 ; 5.737 ;
; adr[0]     ; LED1[3]       ; 5.753 ; 5.753 ; 5.753 ; 5.753 ;
; adr[0]     ; LED1[4]       ; 5.765 ; 5.765 ; 5.765 ; 5.765 ;
; adr[0]     ; LED1[5]       ; 5.803 ; 5.803 ; 5.803 ; 5.803 ;
; adr[0]     ; LED1[6]       ; 5.744 ; 5.744 ; 5.744 ; 5.744 ;
; adr[0]     ; LED2[0]       ; 5.929 ; 5.929 ; 5.929 ; 5.929 ;
; adr[0]     ; LED2[1]       ; 5.762 ; 5.762 ; 5.762 ; 5.762 ;
; adr[0]     ; LED2[2]       ; 5.764 ; 5.764 ; 5.764 ; 5.764 ;
; adr[0]     ; LED2[3]       ; 5.782 ; 5.782 ; 5.782 ; 5.782 ;
; adr[0]     ; LED2[4]       ; 5.780 ; 5.780 ; 5.780 ; 5.780 ;
; adr[0]     ; LED2[5]       ; 5.923 ; 5.923 ; 5.923 ; 5.923 ;
; adr[0]     ; LED2[6]       ; 5.872 ; 5.872 ; 5.872 ; 5.872 ;
; adr[0]     ; value_test[0] ; 5.221 ; 5.221 ; 5.221 ; 5.221 ;
; adr[0]     ; value_test[1] ; 5.256 ; 5.256 ; 5.256 ; 5.256 ;
; adr[0]     ; value_test[2] ; 4.772 ; 4.772 ; 4.772 ; 4.772 ;
; adr[0]     ; value_test[3] ; 4.890 ; 4.890 ; 4.890 ; 4.890 ;
; adr[0]     ; value_test[4] ; 4.872 ; 4.872 ; 4.872 ; 4.872 ;
; adr[0]     ; value_test[5] ; 5.649 ; 5.649 ; 5.649 ; 5.649 ;
; adr[1]     ; LED1[0]       ; 5.765 ; 5.765 ; 5.765 ; 5.765 ;
; adr[1]     ; LED1[2]       ; 5.668 ; 5.668 ; 5.668 ; 5.668 ;
; adr[1]     ; LED1[3]       ; 5.676 ; 5.676 ; 5.676 ; 5.676 ;
; adr[1]     ; LED1[4]       ; 5.693 ; 5.693 ; 5.693 ; 5.693 ;
; adr[1]     ; LED1[5]       ; 5.733 ; 5.733 ; 5.733 ; 5.733 ;
; adr[1]     ; LED1[6]       ; 5.668 ; 5.668 ; 5.668 ; 5.668 ;
; adr[1]     ; LED2[0]       ; 5.921 ; 5.921 ; 5.921 ; 5.921 ;
; adr[1]     ; LED2[1]       ; 5.754 ; 5.754 ; 5.754 ; 5.754 ;
; adr[1]     ; LED2[2]       ; 5.756 ; 5.756 ; 5.756 ; 5.756 ;
; adr[1]     ; LED2[3]       ; 5.774 ; 5.774 ; 5.774 ; 5.774 ;
; adr[1]     ; LED2[4]       ; 5.772 ; 5.772 ; 5.772 ; 5.772 ;
; adr[1]     ; LED2[5]       ; 5.915 ; 5.915 ; 5.915 ; 5.915 ;
; adr[1]     ; LED2[6]       ; 5.864 ; 5.864 ; 5.864 ; 5.864 ;
; adr[1]     ; value_test[0] ; 5.140 ; 5.196 ; 5.196 ; 5.140 ;
; adr[1]     ; value_test[1] ; 5.238 ; 5.238 ; 5.238 ; 5.238 ;
; adr[1]     ; value_test[2] ; 4.764 ; 4.764 ; 4.764 ; 4.764 ;
; adr[1]     ; value_test[3] ; 4.612 ; 4.612 ; 4.612 ; 4.612 ;
; adr[1]     ; value_test[4] ; 4.877 ; 4.877 ; 4.877 ; 4.877 ;
; adr[1]     ; value_test[5] ; 5.570 ; 5.570 ; 5.570 ; 5.570 ;
; adr[2]     ; LED1[0]       ; 5.228 ; 5.228 ; 5.228 ; 5.228 ;
; adr[2]     ; LED1[2]       ; 5.123 ; 5.123 ; 5.123 ; 5.123 ;
; adr[2]     ; LED1[3]       ; 5.139 ; 5.139 ; 5.139 ; 5.139 ;
; adr[2]     ; LED1[4]       ; 5.151 ; 5.151 ; 5.151 ; 5.151 ;
; adr[2]     ; LED1[5]       ; 5.189 ; 5.189 ; 5.189 ; 5.189 ;
; adr[2]     ; LED1[6]       ; 5.130 ; 5.130 ; 5.130 ; 5.130 ;
; adr[2]     ; LED2[0]       ; 5.366 ; 5.366 ; 5.366 ; 5.366 ;
; adr[2]     ; LED2[1]       ; 5.201 ; 5.201 ; 5.201 ; 5.201 ;
; adr[2]     ; LED2[2]       ; 5.200 ; 5.200 ; 5.200 ; 5.200 ;
; adr[2]     ; LED2[3]       ; 5.211 ; 5.211 ; 5.211 ; 5.211 ;
; adr[2]     ; LED2[4]       ; 5.222 ; 5.222 ; 5.222 ; 5.222 ;
; adr[2]     ; LED2[5]       ; 5.368 ; 5.368 ; 5.368 ; 5.368 ;
; adr[2]     ; LED2[6]       ; 5.318 ; 5.318 ; 5.318 ; 5.318 ;
; adr[2]     ; value_test[0] ; 4.610 ; 4.400 ; 4.400 ; 4.610 ;
; adr[2]     ; value_test[1] ; 4.759 ; 4.429 ; 4.429 ; 4.759 ;
; adr[2]     ; value_test[2] ; 4.599 ; 4.407 ; 4.407 ; 4.599 ;
; adr[2]     ; value_test[3] ; 4.315 ; 3.979 ; 3.979 ; 4.315 ;
; adr[2]     ; value_test[4] ; 4.258 ; 4.258 ; 4.258 ; 4.258 ;
; adr[2]     ; value_test[5] ; 5.442 ; 5.221 ; 5.221 ; 5.442 ;
; adr[3]     ; LED1[0]       ; 5.096 ; 5.096 ; 5.096 ; 5.096 ;
; adr[3]     ; LED1[2]       ; 4.994 ; 4.994 ; 4.994 ; 4.994 ;
; adr[3]     ; LED1[3]       ; 5.007 ; 5.007 ; 5.007 ; 5.007 ;
; adr[3]     ; LED1[4]       ; 5.019 ; 5.019 ; 5.019 ; 5.019 ;
; adr[3]     ; LED1[5]       ; 5.059 ; 5.059 ; 5.059 ; 5.059 ;
; adr[3]     ; LED1[6]       ; 5.068 ; 4.992 ; 4.992 ; 5.068 ;
; adr[3]     ; LED2[0]       ; 5.403 ; 5.403 ; 5.403 ; 5.403 ;
; adr[3]     ; LED2[1]       ; 5.236 ; 5.236 ; 5.236 ; 5.236 ;
; adr[3]     ; LED2[2]       ; 5.238 ; 5.238 ; 5.238 ; 5.238 ;
; adr[3]     ; LED2[3]       ; 5.256 ; 5.256 ; 5.256 ; 5.256 ;
; adr[3]     ; LED2[4]       ; 5.254 ; 5.254 ; 5.254 ; 5.254 ;
; adr[3]     ; LED2[5]       ; 5.397 ; 5.397 ; 5.397 ; 5.397 ;
; adr[3]     ; LED2[6]       ; 5.346 ; 5.346 ; 5.346 ; 5.346 ;
; adr[3]     ; value_test[0] ; 4.505 ; 4.628 ; 4.628 ; 4.505 ;
; adr[3]     ; value_test[1] ; 4.599 ; 4.572 ; 4.572 ; 4.599 ;
; adr[3]     ; value_test[2] ; 4.336 ; 4.246 ; 4.246 ; 4.336 ;
; adr[3]     ; value_test[3] ; 4.087 ; 3.975 ; 3.975 ; 4.087 ;
; adr[3]     ; value_test[4] ; 4.500 ; 4.276 ; 4.276 ; 4.500 ;
; adr[3]     ; value_test[5] ; 5.043 ; 4.970 ; 4.970 ; 5.043 ;
; adr[4]     ; LED1[0]       ; 5.085 ; 5.085 ; 5.085 ; 5.085 ;
; adr[4]     ; LED1[2]       ; 4.988 ; 4.988 ; 4.988 ; 4.988 ;
; adr[4]     ; LED1[3]       ; 4.996 ; 4.996 ; 4.996 ; 4.996 ;
; adr[4]     ; LED1[4]       ; 5.029 ; 5.013 ; 5.013 ; 5.029 ;
; adr[4]     ; LED1[5]       ; 5.053 ; 5.053 ; 5.053 ; 5.053 ;
; adr[4]     ; LED1[6]       ; 4.988 ; 5.008 ; 5.008 ; 4.988 ;
; adr[4]     ; LED2[0]       ; 5.331 ; 5.331 ; 5.331 ; 5.331 ;
; adr[4]     ; LED2[1]       ; 5.164 ; 5.164 ; 5.164 ; 5.164 ;
; adr[4]     ; LED2[2]       ; 5.166 ; 5.166 ; 5.166 ; 5.166 ;
; adr[4]     ; LED2[3]       ; 5.184 ; 5.184 ; 5.184 ; 5.184 ;
; adr[4]     ; LED2[4]       ; 5.182 ; 5.182 ; 5.182 ; 5.182 ;
; adr[4]     ; LED2[5]       ; 5.325 ; 5.325 ; 5.325 ; 5.325 ;
; adr[4]     ; LED2[6]       ; 5.274 ; 5.274 ; 5.274 ; 5.274 ;
; adr[4]     ; value_test[0] ; 4.580 ; 4.585 ; 4.585 ; 4.580 ;
; adr[4]     ; value_test[1] ; 4.618 ; 4.459 ; 4.459 ; 4.618 ;
; adr[4]     ; value_test[2] ; 4.309 ; 4.174 ; 4.174 ; 4.309 ;
; adr[4]     ; value_test[3] ; 4.092 ; 3.895 ; 3.895 ; 4.092 ;
; adr[4]     ; value_test[4] ; 4.136 ; 4.536 ; 4.536 ; 4.136 ;
; adr[4]     ; value_test[5] ; 4.984 ; 4.890 ; 4.890 ; 4.984 ;
; adr[5]     ; LED1[0]       ; 5.227 ; 5.227 ; 5.227 ; 5.227 ;
; adr[5]     ; LED1[2]       ; 5.130 ; 5.130 ; 5.130 ; 5.130 ;
; adr[5]     ; LED1[3]       ; 5.138 ; 5.138 ; 5.138 ; 5.138 ;
; adr[5]     ; LED1[4]       ; 5.155 ; 5.155 ; 5.155 ; 5.155 ;
; adr[5]     ; LED1[5]       ; 5.195 ; 5.195 ; 5.195 ; 5.195 ;
; adr[5]     ; LED1[6]       ; 5.130 ; 5.130 ; 5.130 ; 5.130 ;
; adr[5]     ; LED2[0]       ; 5.711 ; 5.711 ; 5.711 ; 5.711 ;
; adr[5]     ; LED2[1]       ; 5.546 ; 5.546 ; 5.546 ; 5.546 ;
; adr[5]     ; LED2[2]       ; 5.545 ; 5.545 ; 5.545 ; 5.545 ;
; adr[5]     ; LED2[3]       ; 5.556 ; 5.556 ; 5.556 ; 5.556 ;
; adr[5]     ; LED2[4]       ; 5.567 ; 5.567 ; 5.567 ; 5.567 ;
; adr[5]     ; LED2[5]       ; 5.713 ; 5.713 ; 5.713 ; 5.713 ;
; adr[5]     ; LED2[6]       ; 5.663 ; 5.663 ; 5.663 ; 5.663 ;
; adr[5]     ; value_test[0] ; 4.803 ; 4.803 ; 4.803 ; 4.803 ;
; adr[5]     ; value_test[1] ; 4.774 ; 4.774 ; 4.774 ; 4.774 ;
; adr[5]     ; value_test[2] ; 4.588 ; 4.588 ; 4.588 ; 4.588 ;
; adr[5]     ; value_test[3] ; 4.509 ; 4.509 ; 4.509 ; 4.509 ;
; adr[5]     ; value_test[4] ; 4.915 ; 4.575 ; 4.575 ; 4.915 ;
; adr[5]     ; value_test[5] ; 5.032 ; 5.032 ; 5.032 ; 5.032 ;
+------------+---------------+-------+-------+-------+-------+


-------------------
; Clock Transfers ;
-------------------
Nothing to report.


---------------
; Report TCCS ;
---------------
No dedicated SERDES Transmitter circuitry present in device or used in design


---------------
; Report RSKM ;
---------------
No dedicated SERDES Receiver circuitry present in device or used in design


+------------------------------------------------+
; Unconstrained Paths                            ;
+---------------------------------+-------+------+
; Property                        ; Setup ; Hold ;
+---------------------------------+-------+------+
; Illegal Clocks                  ; 0     ; 0    ;
; Unconstrained Clocks            ; 1     ; 1    ;
; Unconstrained Input Ports       ; 10    ; 10   ;
; Unconstrained Input Port Paths  ; 250   ; 250  ;
; Unconstrained Output Ports      ; 28    ; 28   ;
; Unconstrained Output Port Paths ; 4501  ; 4501 ;
+---------------------------------+-------+------+


+------------------------------------+
; TimeQuest Timing Analyzer Messages ;
+------------------------------------+
Warning (125092): Tcl Script File lpm_constant42.qip not found
    Info (125063): set_global_assignment -name QIP_FILE lpm_constant42.qip
Info: *******************************************************************
Info: Running Quartus II 64-Bit TimeQuest Timing Analyzer
    Info: Version 13.0.1 Build 232 06/12/2013 Service Pack 1 SJ Web Edition
    Info: Processing started: Tue Oct 31 18:16:59 2017
Info: Command: quartus_sta g07_lab3 -c g07_lab3
Info: qsta_default_script.tcl version: #1
Info (11104): Parallel Compilation has detected 4 hyper-threaded processors. However, the extra hyper-threaded processors will not be used by default. Parallel Compilation will use 2 of the 2 physical processors detected instead.
Info (21077): Low junction temperature is 0 degrees C
Info (21077): High junction temperature is 85 degrees C
Info (332164): Evaluating HDL-embedded SDC commands
    Info (332165): Entity sld_jtag_hub
        Info (332166): create_clock -name altera_reserved_tck [get_ports {altera_reserved_tck}] -period 10MHz   
        Info (332166): set_clock_groups -asynchronous -group {altera_reserved_tck}
Critical Warning (332012): Synopsys Design Constraints File file not found: 'g07_lab3.sdc'. A Synopsys Design Constraints File is required by the TimeQuest Timing Analyzer to get proper timing constraints. Without it, the Compiler will not properly optimize the design.
Warning (332060): Node: clk was determined to be a clock but was found without an associated clock assignment.
Info: Found TIMEQUEST_REPORT_SCRIPT_INCLUDE_DEFAULT_ANALYSIS = ON
Info: Analyzing Slow Model
Info (332140): No fmax paths to report
Info (332140): No Setup paths to report
Info (332140): No Hold paths to report
Info (332140): No Recovery paths to report
Info (332140): No Removal paths to report
Info (332146): Worst-case minimum pulse width slack is 97.531
    Info (332119):     Slack End Point TNS Clock 
    Info (332119): ========= ============= =====================
    Info (332119):    97.531         0.000 altera_reserved_tck 
Info (332001): The selected device family is not supported by the report_metastability command.
Info: Analyzing Fast Model
Warning (332060): Node: clk was determined to be a clock but was found without an associated clock assignment.
Info (332140): No Setup paths to report
Info (332140): No Hold paths to report
Info (332140): No Recovery paths to report
Info (332140): No Removal paths to report
Info (332146): Worst-case minimum pulse width slack is 97.778
    Info (332119):     Slack End Point TNS Clock 
    Info (332119): ========= ============= =====================
    Info (332119):    97.778         0.000 altera_reserved_tck 
Info (332001): The selected device family is not supported by the report_metastability command.
Info (332102): Design is not fully constrained for setup requirements
Info (332102): Design is not fully constrained for hold requirements
Info: Quartus II 64-Bit TimeQuest Timing Analyzer was successful. 0 errors, 4 warnings
    Info: Peak virtual memory: 487 megabytes
    Info: Processing ended: Tue Oct 31 18:17:05 2017
    Info: Elapsed time: 00:00:06
    Info: Total CPU time (on all processors): 00:00:05


